---
source: crates/panproto-mig/tests/lexicon_span_shapes.rs
expression: rows
---
- app.bsky.actor.profile -> app.bsky.feed.like  apex=11v/10e  q=321  optimal=true  path=eliminate  w=2
- app.bsky.actor.profile -> app.bsky.feed.post  apex=12v/11e  q=532  optimal=true  path=eliminate  w=2
- app.bsky.actor.profile -> app.bsky.feed.repost  apex=11v/10e  q=317  optimal=true  path=eliminate  w=2
- app.bsky.actor.profile -> app.bsky.graph.follow  apex=11v/10e  q=317  optimal=true  path=eliminate  w=2
- app.bsky.actor.profile -> dev.panproto.meta.lexiconSchema  apex=8v/6e  q=169  optimal=true  path=eliminate  w=2
- app.bsky.actor.profile -> dev.panproto.node  apex=8v/6e  q=182  optimal=true  path=eliminate  w=2
- app.bsky.actor.profile -> dev.panproto.registry.dependency  apex=8v/6e  q=170  optimal=true  path=eliminate  w=2
- app.bsky.actor.profile -> dev.panproto.registry.package  apex=8v/6e  q=206  optimal=true  path=eliminate  w=2
- app.bsky.actor.profile -> dev.panproto.registry.version  apex=8v/6e  q=173  optimal=true  path=eliminate  w=2
- app.bsky.actor.profile -> dev.panproto.schema.bundle  apex=10v/8e  q=240  optimal=true  path=eliminate  w=2
- app.bsky.actor.profile -> dev.panproto.schema.class  apex=10v/8e  q=234  optimal=true  path=eliminate  w=2
- app.bsky.actor.profile -> dev.panproto.schema.complement  apex=10v/8e  q=207  optimal=true  path=eliminate  w=2
- app.bsky.actor.profile -> dev.panproto.schema.composition  apex=11v/8e  q=244  optimal=true  path=eliminate  w=2
- app.bsky.actor.profile -> dev.panproto.schema.conflictPolicy  apex=10v/8e  q=238  optimal=true  path=eliminate  w=2
- app.bsky.actor.profile -> dev.panproto.schema.editLens  apex=10v/8e  q=202  optimal=true  path=eliminate  w=2
- app.bsky.actor.profile -> dev.panproto.schema.editLensState  apex=10v/8e  q=203  optimal=true  path=eliminate  w=2
- app.bsky.actor.profile -> dev.panproto.schema.expr  apex=10v/8e  q=234  optimal=true  path=eliminate  w=2
- app.bsky.actor.profile -> dev.panproto.schema.inductive  apex=11v/8e  q=247  optimal=true  path=eliminate  w=2
- app.bsky.actor.profile -> dev.panproto.schema.instance  apex=10v/8e  q=237  optimal=true  path=eliminate  w=2
- app.bsky.actor.profile -> dev.panproto.schema.lens  apex=10v/8e  q=208  optimal=true  path=eliminate  w=2
- app.bsky.actor.profile -> dev.panproto.schema.lensAttestation  apex=8v/6e  q=165  optimal=true  path=eliminate  w=2
- app.bsky.actor.profile -> dev.panproto.schema.migration  apex=11v/8e  q=216  optimal=true  path=eliminate  w=2
- app.bsky.actor.profile -> dev.panproto.schema.protocol  apex=10v/8e  q=212  optimal=true  path=eliminate  w=2
- app.bsky.actor.profile -> dev.panproto.schema.protolens  apex=10v/8e  q=252  optimal=true  path=eliminate  w=2
- app.bsky.actor.profile -> dev.panproto.schema.protolensChain  apex=10v/8e  q=213  optimal=true  path=eliminate  w=2
- app.bsky.actor.profile -> dev.panproto.schema.schema  apex=10v/8e  q=201  optimal=true  path=eliminate  w=2
- app.bsky.actor.profile -> dev.panproto.schema.symmetricLens  apex=10v/8e  q=205  optimal=true  path=eliminate  w=2
- app.bsky.actor.profile -> dev.panproto.schema.symmetricState  apex=10v/8e  q=204  optimal=true  path=eliminate  w=2
- app.bsky.actor.profile -> dev.panproto.schema.theory  apex=10v/8e  q=196  optimal=true  path=eliminate  w=2
- app.bsky.actor.profile -> dev.panproto.schema.theoryMorphism  apex=10v/8e  q=212  optimal=true  path=eliminate  w=2
- app.bsky.actor.profile -> dev.panproto.vcs.commit  apex=9v/6e  q=177  optimal=true  path=eliminate  w=2
- app.bsky.actor.profile -> dev.panproto.vcs.cstComplement  apex=10v/8e  q=207  optimal=true  path=eliminate  w=2
- app.bsky.actor.profile -> dev.panproto.vcs.dataSet  apex=10v/8e  q=202  optimal=true  path=eliminate  w=2
- app.bsky.actor.profile -> dev.panproto.vcs.editLog  apex=10v/8e  q=202  optimal=true  path=eliminate  w=2
- app.bsky.actor.profile -> dev.panproto.vcs.fileSchema  apex=10v/8e  q=214  optimal=true  path=eliminate  w=2
- app.bsky.actor.profile -> dev.panproto.vcs.flatSchema  apex=10v/8e  q=203  optimal=true  path=eliminate  w=2
- app.bsky.actor.profile -> dev.panproto.vcs.refUpdate  apex=9v/6e  q=183  optimal=true  path=eliminate  w=2
- app.bsky.actor.profile -> dev.panproto.vcs.repo  apex=8v/6e  q=172  optimal=true  path=eliminate  w=2
- app.bsky.actor.profile -> dev.panproto.vcs.schemaTree  apex=11v/8e  q=211  optimal=true  path=eliminate  w=2
- app.bsky.actor.profile -> dev.panproto.vcs.tag  apex=8v/6e  q=176  optimal=true  path=eliminate  w=2
- app.bsky.actor.profile -> site.standard.document  apex=15v/15e  q=583  optimal=true  path=eliminate  w=2
- app.bsky.feed.like -> app.bsky.feed.post  apex=5v/4e  q=414  optimal=true  path=eliminate  w=2
- app.bsky.feed.like -> app.bsky.feed.repost  apex=6v/6e  q=954  optimal=true  path=eliminate  w=2
- app.bsky.feed.like -> app.bsky.graph.follow  apex=6v/6e  q=874  optimal=true  path=eliminate  w=2
- app.bsky.feed.like -> dev.panproto.meta.lexiconSchema  apex=2v/0e  q=96  optimal=true  path=eliminate  w=2
- app.bsky.feed.like -> dev.panproto.node  apex=2v/0e  q=96  optimal=true  path=eliminate  w=2
- app.bsky.feed.like -> dev.panproto.registry.dependency  apex=2v/0e  q=97  optimal=true  path=eliminate  w=2
- app.bsky.feed.like -> dev.panproto.registry.package  apex=2v/0e  q=95  optimal=true  path=eliminate  w=2
- app.bsky.feed.like -> dev.panproto.registry.version  apex=2v/0e  q=95  optimal=true  path=eliminate  w=2
- app.bsky.feed.like -> dev.panproto.schema.bundle  apex=2v/0e  q=95  optimal=true  path=eliminate  w=2
- app.bsky.feed.like -> dev.panproto.schema.class  apex=2v/0e  q=96  optimal=true  path=eliminate  w=2
- app.bsky.feed.like -> dev.panproto.schema.complement  apex=2v/0e  q=94  optimal=true  path=eliminate  w=2
- app.bsky.feed.like -> dev.panproto.schema.composition  apex=4v/0e  q=180  optimal=true  path=eliminate  w=2
- app.bsky.feed.like -> dev.panproto.schema.conflictPolicy  apex=2v/0e  q=94  optimal=true  path=eliminate  w=2
- app.bsky.feed.like -> dev.panproto.schema.editLens  apex=2v/0e  q=96  optimal=true  path=eliminate  w=2
- app.bsky.feed.like -> dev.panproto.schema.editLensState  apex=2v/0e  q=92  optimal=true  path=eliminate  w=2
- app.bsky.feed.like -> dev.panproto.schema.expr  apex=2v/0e  q=94  optimal=true  path=eliminate  w=2
- app.bsky.feed.like -> dev.panproto.schema.inductive  apex=4v/0e  q=184  optimal=true  path=eliminate  w=2
- app.bsky.feed.like -> dev.panproto.schema.instance  apex=2v/0e  q=93  optimal=true  path=eliminate  w=2
- app.bsky.feed.like -> dev.panproto.schema.lens  apex=2v/0e  q=97  optimal=true  path=eliminate  w=2
- app.bsky.feed.like -> dev.panproto.schema.lensAttestation  apex=2v/0e  q=93  optimal=true  path=eliminate  w=2
- app.bsky.feed.like -> dev.panproto.schema.migration  apex=4v/0e  q=178  optimal=true  path=eliminate  w=2
- app.bsky.feed.like -> dev.panproto.schema.protocol  apex=5v/4e  q=292  optimal=true  path=eliminate  w=2
- app.bsky.feed.like -> dev.panproto.schema.protolens  apex=2v/0e  q=93  optimal=true  path=eliminate  w=2
- app.bsky.feed.like -> dev.panproto.schema.protolensChain  apex=2v/0e  q=90  optimal=true  path=eliminate  w=2
- app.bsky.feed.like -> dev.panproto.schema.schema  apex=2v/0e  q=95  optimal=true  path=eliminate  w=2
- app.bsky.feed.like -> dev.panproto.schema.symmetricLens  apex=2v/0e  q=92  optimal=true  path=eliminate  w=2
- app.bsky.feed.like -> dev.panproto.schema.symmetricState  apex=2v/0e  q=92  optimal=true  path=eliminate  w=2
- app.bsky.feed.like -> dev.panproto.schema.theory  apex=2v/0e  q=92  optimal=true  path=eliminate  w=2
- app.bsky.feed.like -> dev.panproto.schema.theoryMorphism  apex=2v/0e  q=92  optimal=true  path=eliminate  w=2
- app.bsky.feed.like -> dev.panproto.vcs.commit  apex=4v/0e  q=174  optimal=true  path=eliminate  w=2
- app.bsky.feed.like -> dev.panproto.vcs.cstComplement  apex=2v/0e  q=94  optimal=true  path=eliminate  w=2
- app.bsky.feed.like -> dev.panproto.vcs.dataSet  apex=2v/0e  q=94  optimal=true  path=eliminate  w=2
- app.bsky.feed.like -> dev.panproto.vcs.editLog  apex=2v/0e  q=94  optimal=true  path=eliminate  w=2
- app.bsky.feed.like -> dev.panproto.vcs.fileSchema  apex=2v/0e  q=94  optimal=true  path=eliminate  w=2
- app.bsky.feed.like -> dev.panproto.vcs.flatSchema  apex=2v/0e  q=92  optimal=true  path=eliminate  w=2
- app.bsky.feed.like -> dev.panproto.vcs.refUpdate  apex=4v/0e  q=182  optimal=true  path=eliminate  w=2
- app.bsky.feed.like -> dev.panproto.vcs.repo  apex=2v/0e  q=90  optimal=true  path=eliminate  w=2
- app.bsky.feed.like -> dev.panproto.vcs.schemaTree  apex=4v/0e  q=184  optimal=true  path=eliminate  w=2
- app.bsky.feed.like -> dev.panproto.vcs.tag  apex=2v/0e  q=88  optimal=true  path=eliminate  w=2
- app.bsky.feed.like -> site.standard.document  apex=6v/6e  q=403  optimal=true  path=eliminate  w=2
- app.bsky.feed.post -> app.bsky.feed.repost  apex=22v/10e  q=224  optimal=true  path=eliminate  w=2
- app.bsky.feed.post -> app.bsky.graph.follow  apex=22v/10e  q=204  optimal=true  path=eliminate  w=2
- app.bsky.feed.post -> dev.panproto.meta.lexiconSchema  apex=14v/3e  q=78  optimal=true  path=eliminate  w=2
- app.bsky.feed.post -> dev.panproto.node  apex=18v/9e  q=131  optimal=true  path=eliminate  w=2
- app.bsky.feed.post -> dev.panproto.registry.dependency  apex=14v/3e  q=83  optimal=true  path=eliminate  w=2
- app.bsky.feed.post -> dev.panproto.registry.package  apex=18v/9e  q=121  optimal=true  path=eliminate  w=2
- app.bsky.feed.post -> dev.panproto.registry.version  apex=14v/3e  q=81  optimal=true  path=eliminate  w=2
- app.bsky.feed.post -> dev.panproto.schema.bundle  apex=17v/5e  q=94  optimal=true  path=eliminate  w=2
- app.bsky.feed.post -> dev.panproto.schema.class  apex=21v/11e  q=138  optimal=true  path=eliminate  w=2
- app.bsky.feed.post -> dev.panproto.schema.complement  apex=14v/3e  q=80  optimal=true  path=eliminate  w=2
- app.bsky.feed.post -> dev.panproto.schema.composition  apex=26v/14e  q=203  optimal=true  path=eliminate  w=2
- app.bsky.feed.post -> dev.panproto.schema.conflictPolicy  apex=14v/3e  q=77  optimal=true  path=eliminate  w=2
- app.bsky.feed.post -> dev.panproto.schema.editLens  apex=14v/3e  q=81  optimal=true  path=eliminate  w=2
- app.bsky.feed.post -> dev.panproto.schema.editLensState  apex=17v/5e  q=95  optimal=true  path=eliminate  w=2
- app.bsky.feed.post -> dev.panproto.schema.expr  apex=14v/3e  q=81  optimal=true  path=eliminate  w=2
- app.bsky.feed.post -> dev.panproto.schema.inductive  apex=24v/11e  q=170  optimal=true  path=eliminate  w=2
- app.bsky.feed.post -> dev.panproto.schema.instance  apex=17v/5e  q=95  optimal=true  path=eliminate  w=2
- app.bsky.feed.post -> dev.panproto.schema.lens  apex=14v/3e  q=81  optimal=true  path=eliminate  w=2
- app.bsky.feed.post -> dev.panproto.schema.lensAttestation  apex=14v/3e  q=80  optimal=true  path=eliminate  w=2
- app.bsky.feed.post -> dev.panproto.schema.migration  apex=24v/10e  q=172  optimal=true  path=eliminate  w=2
- app.bsky.feed.post -> dev.panproto.schema.protocol  apex=24v/12e  q=189  optimal=true  path=eliminate  w=2
- app.bsky.feed.post -> dev.panproto.schema.protolens  apex=14v/3e  q=80  optimal=true  path=eliminate  w=2
- app.bsky.feed.post -> dev.panproto.schema.protolensChain  apex=18v/9e  q=124  optimal=true  path=eliminate  w=2
- app.bsky.feed.post -> dev.panproto.schema.schema  apex=17v/5e  q=95  optimal=true  path=eliminate  w=2
- app.bsky.feed.post -> dev.panproto.schema.symmetricLens  apex=14v/3e  q=77  optimal=true  path=eliminate  w=2
- app.bsky.feed.post -> dev.panproto.schema.symmetricState  apex=14v/3e  q=78  optimal=true  path=eliminate  w=2
- app.bsky.feed.post -> dev.panproto.schema.theory  apex=21v/11e  q=134  optimal=true  path=eliminate  w=2
- app.bsky.feed.post -> dev.panproto.schema.theoryMorphism  apex=14v/3e  q=78  optimal=true  path=eliminate  w=2
- app.bsky.feed.post -> dev.panproto.vcs.commit  apex=25v/11e  q=192  optimal=true  path=eliminate  w=2
- app.bsky.feed.post -> dev.panproto.vcs.cstComplement  apex=14v/3e  q=82  optimal=true  path=eliminate  w=2
- app.bsky.feed.post -> dev.panproto.vcs.dataSet  apex=17v/5e  q=97  optimal=true  path=eliminate  w=2
- app.bsky.feed.post -> dev.panproto.vcs.editLog  apex=17v/5e  q=94  optimal=true  path=eliminate  w=2
- app.bsky.feed.post -> dev.panproto.vcs.fileSchema  apex=17v/5e  q=94  optimal=true  path=eliminate  w=2
- app.bsky.feed.post -> dev.panproto.vcs.flatSchema  apex=17v/5e  q=94  optimal=true  path=eliminate  w=2
- app.bsky.feed.post -> dev.panproto.vcs.refUpdate  apex=23v/8e  q=162  optimal=true  path=eliminate  w=2
- app.bsky.feed.post -> dev.panproto.vcs.repo  apex=17v/5e  q=94  optimal=true  path=eliminate  w=2
- app.bsky.feed.post -> dev.panproto.vcs.schemaTree  apex=21v/9e  q=149  optimal=true  path=eliminate  w=2
- app.bsky.feed.post -> dev.panproto.vcs.tag  apex=14v/3e  q=83  optimal=true  path=eliminate  w=2
- app.bsky.feed.post -> site.standard.document  apex=33v/28e  q=407  optimal=true  path=eliminate  w=2
- app.bsky.feed.repost -> app.bsky.graph.follow  apex=6v/6e  q=868  optimal=true  path=eliminate  w=2
- app.bsky.feed.repost -> dev.panproto.meta.lexiconSchema  apex=2v/0e  q=94  optimal=true  path=eliminate  w=2
- app.bsky.feed.repost -> dev.panproto.node  apex=2v/0e  q=94  optimal=true  path=eliminate  w=2
- app.bsky.feed.repost -> dev.panproto.registry.dependency  apex=2v/0e  q=95  optimal=true  path=eliminate  w=2
- app.bsky.feed.repost -> dev.panproto.registry.package  apex=2v/0e  q=93  optimal=true  path=eliminate  w=2
- app.bsky.feed.repost -> dev.panproto.registry.version  apex=2v/0e  q=93  optimal=true  path=eliminate  w=2
- app.bsky.feed.repost -> dev.panproto.schema.bundle  apex=2v/0e  q=92  optimal=true  path=eliminate  w=2
- app.bsky.feed.repost -> dev.panproto.schema.class  apex=2v/0e  q=93  optimal=true  path=eliminate  w=2
- app.bsky.feed.repost -> dev.panproto.schema.complement  apex=2v/0e  q=94  optimal=true  path=eliminate  w=2
- app.bsky.feed.repost -> dev.panproto.schema.composition  apex=4v/0e  q=192  optimal=true  path=eliminate  w=2
- app.bsky.feed.repost -> dev.panproto.schema.conflictPolicy  apex=2v/0e  q=90  optimal=true  path=eliminate  w=2
- app.bsky.feed.repost -> dev.panproto.schema.editLens  apex=2v/0e  q=93  optimal=true  path=eliminate  w=2
- app.bsky.feed.repost -> dev.panproto.schema.editLensState  apex=2v/0e  q=95  optimal=true  path=eliminate  w=2
- app.bsky.feed.repost -> dev.panproto.schema.expr  apex=2v/0e  q=91  optimal=true  path=eliminate  w=2
- app.bsky.feed.repost -> dev.panproto.schema.inductive  apex=4v/0e  q=180  optimal=true  path=eliminate  w=2
- app.bsky.feed.repost -> dev.panproto.schema.instance  apex=2v/0e  q=91  optimal=true  path=eliminate  w=2
- app.bsky.feed.repost -> dev.panproto.schema.lens  apex=2v/0e  q=94  optimal=true  path=eliminate  w=2
- app.bsky.feed.repost -> dev.panproto.schema.lensAttestation  apex=2v/0e  q=93  optimal=true  path=eliminate  w=2
- app.bsky.feed.repost -> dev.panproto.schema.migration  apex=4v/0e  q=178  optimal=true  path=eliminate  w=2
- app.bsky.feed.repost -> dev.panproto.schema.protocol  apex=5v/4e  q=303  optimal=true  path=eliminate  w=2
- app.bsky.feed.repost -> dev.panproto.schema.protolens  apex=2v/0e  q=95  optimal=true  path=eliminate  w=2
- app.bsky.feed.repost -> dev.panproto.schema.protolensChain  apex=2v/0e  q=94  optimal=true  path=eliminate  w=2
- app.bsky.feed.repost -> dev.panproto.schema.schema  apex=2v/0e  q=92  optimal=true  path=eliminate  w=2
- app.bsky.feed.repost -> dev.panproto.schema.symmetricLens  apex=2v/0e  q=90  optimal=true  path=eliminate  w=2
- app.bsky.feed.repost -> dev.panproto.schema.symmetricState  apex=2v/0e  q=92  optimal=true  path=eliminate  w=2
- app.bsky.feed.repost -> dev.panproto.schema.theory  apex=2v/0e  q=95  optimal=true  path=eliminate  w=2
- app.bsky.feed.repost -> dev.panproto.schema.theoryMorphism  apex=2v/0e  q=94  optimal=true  path=eliminate  w=2
- app.bsky.feed.repost -> dev.panproto.vcs.commit  apex=4v/0e  q=179  optimal=true  path=eliminate  w=2
- app.bsky.feed.repost -> dev.panproto.vcs.cstComplement  apex=2v/0e  q=94  optimal=true  path=eliminate  w=2
- app.bsky.feed.repost -> dev.panproto.vcs.dataSet  apex=2v/0e  q=91  optimal=true  path=eliminate  w=2
- app.bsky.feed.repost -> dev.panproto.vcs.editLog  apex=2v/0e  q=91  optimal=true  path=eliminate  w=2
- app.bsky.feed.repost -> dev.panproto.vcs.fileSchema  apex=2v/0e  q=92  optimal=true  path=eliminate  w=2
- app.bsky.feed.repost -> dev.panproto.vcs.flatSchema  apex=2v/0e  q=89  optimal=true  path=eliminate  w=2
- app.bsky.feed.repost -> dev.panproto.vcs.refUpdate  apex=4v/0e  q=186  optimal=true  path=eliminate  w=2
- app.bsky.feed.repost -> dev.panproto.vcs.repo  apex=2v/0e  q=97  optimal=true  path=eliminate  w=2
- app.bsky.feed.repost -> dev.panproto.vcs.schemaTree  apex=4v/0e  q=179  optimal=true  path=eliminate  w=2
- app.bsky.feed.repost -> dev.panproto.vcs.tag  apex=2v/0e  q=88  optimal=true  path=eliminate  w=2
- app.bsky.feed.repost -> site.standard.document  apex=6v/6e  q=403  optimal=true  path=eliminate  w=2
- app.bsky.graph.follow -> dev.panproto.meta.lexiconSchema  apex=4v/3e  q=307  optimal=true  path=eliminate  w=1
- app.bsky.graph.follow -> dev.panproto.node  apex=4v/3e  q=350  optimal=true  path=eliminate  w=1
- app.bsky.graph.follow -> dev.panproto.registry.dependency  apex=4v/3e  q=302  optimal=true  path=eliminate  w=1
- app.bsky.graph.follow -> dev.panproto.registry.package  apex=4v/3e  q=289  optimal=true  path=eliminate  w=1
- app.bsky.graph.follow -> dev.panproto.registry.version  apex=4v/3e  q=298  optimal=true  path=eliminate  w=1
- app.bsky.graph.follow -> dev.panproto.schema.bundle  apex=4v/3e  q=285  optimal=true  path=eliminate  w=1
- app.bsky.graph.follow -> dev.panproto.schema.class  apex=4v/3e  q=291  optimal=true  path=eliminate  w=1
- app.bsky.graph.follow -> dev.panproto.schema.complement  apex=4v/3e  q=299  optimal=true  path=eliminate  w=1
- app.bsky.graph.follow -> dev.panproto.schema.composition  apex=5v/3e  q=310  optimal=true  path=eliminate  w=1
- app.bsky.graph.follow -> dev.panproto.schema.conflictPolicy  apex=4v/3e  q=293  optimal=true  path=eliminate  w=1
- app.bsky.graph.follow -> dev.panproto.schema.editLens  apex=4v/3e  q=307  optimal=true  path=eliminate  w=1
- app.bsky.graph.follow -> dev.panproto.schema.editLensState  apex=4v/3e  q=286  optimal=true  path=eliminate  w=1
- app.bsky.graph.follow -> dev.panproto.schema.expr  apex=4v/3e  q=292  optimal=true  path=eliminate  w=1
- app.bsky.graph.follow -> dev.panproto.schema.inductive  apex=5v/3e  q=303  optimal=true  path=eliminate  w=1
- app.bsky.graph.follow -> dev.panproto.schema.instance  apex=4v/3e  q=283  optimal=true  path=eliminate  w=1
- app.bsky.graph.follow -> dev.panproto.schema.lens  apex=4v/3e  q=297  optimal=true  path=eliminate  w=1
- app.bsky.graph.follow -> dev.panproto.schema.lensAttestation  apex=4v/3e  q=299  optimal=true  path=eliminate  w=1
- app.bsky.graph.follow -> dev.panproto.schema.migration  apex=5v/3e  q=297  optimal=true  path=eliminate  w=1
- app.bsky.graph.follow -> dev.panproto.schema.protocol  apex=5v/4e  q=316  optimal=true  path=eliminate  w=1
- app.bsky.graph.follow -> dev.panproto.schema.protolens  apex=4v/3e  q=299  optimal=true  path=eliminate  w=1
- app.bsky.graph.follow -> dev.panproto.schema.protolensChain  apex=4v/3e  q=325  optimal=true  path=eliminate  w=1
- app.bsky.graph.follow -> dev.panproto.schema.schema  apex=4v/3e  q=294  optimal=true  path=eliminate  w=1
- app.bsky.graph.follow -> dev.panproto.schema.symmetricLens  apex=4v/3e  q=291  optimal=true  path=eliminate  w=1
- app.bsky.graph.follow -> dev.panproto.schema.symmetricState  apex=4v/3e  q=285  optimal=true  path=eliminate  w=1
- app.bsky.graph.follow -> dev.panproto.schema.theory  apex=4v/3e  q=273  optimal=true  path=eliminate  w=1
- app.bsky.graph.follow -> dev.panproto.schema.theoryMorphism  apex=4v/3e  q=300  optimal=true  path=eliminate  w=1
- app.bsky.graph.follow -> dev.panproto.vcs.commit  apex=5v/3e  q=286  optimal=true  path=eliminate  w=1
- app.bsky.graph.follow -> dev.panproto.vcs.cstComplement  apex=4v/3e  q=322  optimal=true  path=eliminate  w=1
- app.bsky.graph.follow -> dev.panproto.vcs.dataSet  apex=4v/3e  q=307  optimal=true  path=eliminate  w=1
- app.bsky.graph.follow -> dev.panproto.vcs.editLog  apex=4v/3e  q=297  optimal=true  path=eliminate  w=1
- app.bsky.graph.follow -> dev.panproto.vcs.fileSchema  apex=4v/3e  q=289  optimal=true  path=eliminate  w=1
- app.bsky.graph.follow -> dev.panproto.vcs.flatSchema  apex=4v/3e  q=293  optimal=true  path=eliminate  w=1
- app.bsky.graph.follow -> dev.panproto.vcs.refUpdate  apex=5v/3e  q=287  optimal=true  path=eliminate  w=1
- app.bsky.graph.follow -> dev.panproto.vcs.repo  apex=4v/3e  q=303  optimal=true  path=eliminate  w=1
- app.bsky.graph.follow -> dev.panproto.vcs.schemaTree  apex=5v/3e  q=313  optimal=true  path=eliminate  w=1
- app.bsky.graph.follow -> dev.panproto.vcs.tag  apex=4v/3e  q=310  optimal=true  path=eliminate  w=1
- app.bsky.graph.follow -> site.standard.document  apex=6v/5e  q=374  optimal=true  path=eliminate  w=1
- dev.panproto.meta.lexiconSchema -> dev.panproto.node  apex=7v/6e  q=443  optimal=true  path=eliminate  w=1
- dev.panproto.meta.lexiconSchema -> dev.panproto.registry.dependency  apex=7v/6e  q=441  optimal=true  path=eliminate  w=1
- dev.panproto.meta.lexiconSchema -> dev.panproto.registry.package  apex=7v/6e  q=433  optimal=true  path=eliminate  w=1
- dev.panproto.meta.lexiconSchema -> dev.panproto.registry.version  apex=7v/6e  q=602  optimal=true  path=eliminate  w=1
- dev.panproto.meta.lexiconSchema -> dev.panproto.schema.bundle  apex=7v/6e  q=432  optimal=true  path=eliminate  w=1
- dev.panproto.meta.lexiconSchema -> dev.panproto.schema.class  apex=7v/6e  q=430  optimal=true  path=eliminate  w=1
- dev.panproto.meta.lexiconSchema -> dev.panproto.schema.complement  apex=7v/6e  q=444  optimal=true  path=eliminate  w=1
- dev.panproto.meta.lexiconSchema -> dev.panproto.schema.composition  apex=7v/6e  q=437  optimal=true  path=eliminate  w=1
- dev.panproto.meta.lexiconSchema -> dev.panproto.schema.conflictPolicy  apex=7v/6e  q=435  optimal=true  path=eliminate  w=1
- dev.panproto.meta.lexiconSchema -> dev.panproto.schema.editLens  apex=7v/6e  q=464  optimal=true  path=eliminate  w=1
- dev.panproto.meta.lexiconSchema -> dev.panproto.schema.editLensState  apex=7v/6e  q=441  optimal=true  path=eliminate  w=1
- dev.panproto.meta.lexiconSchema -> dev.panproto.schema.expr  apex=7v/6e  q=442  optimal=true  path=eliminate  w=1
- dev.panproto.meta.lexiconSchema -> dev.panproto.schema.inductive  apex=7v/6e  q=441  optimal=true  path=eliminate  w=1
- dev.panproto.meta.lexiconSchema -> dev.panproto.schema.instance  apex=7v/6e  q=440  optimal=true  path=eliminate  w=1
- dev.panproto.meta.lexiconSchema -> dev.panproto.schema.lens  apex=7v/6e  q=444  optimal=true  path=eliminate  w=1
- dev.panproto.meta.lexiconSchema -> dev.panproto.schema.lensAttestation  apex=7v/6e  q=448  optimal=true  path=eliminate  w=1
- dev.panproto.meta.lexiconSchema -> dev.panproto.schema.migration  apex=7v/6e  q=425  optimal=true  path=eliminate  w=1
- dev.panproto.meta.lexiconSchema -> dev.panproto.schema.protocol  apex=7v/6e  q=415  optimal=true  path=eliminate  w=1
- dev.panproto.meta.lexiconSchema -> dev.panproto.schema.protolens  apex=7v/6e  q=439  optimal=true  path=eliminate  w=1
- dev.panproto.meta.lexiconSchema -> dev.panproto.schema.protolensChain  apex=7v/6e  q=454  optimal=true  path=eliminate  w=1
- dev.panproto.meta.lexiconSchema -> dev.panproto.schema.schema  apex=7v/6e  q=456  optimal=true  path=eliminate  w=1
- dev.panproto.meta.lexiconSchema -> dev.panproto.schema.symmetricLens  apex=7v/6e  q=449  optimal=true  path=eliminate  w=1
- dev.panproto.meta.lexiconSchema -> dev.panproto.schema.symmetricState  apex=7v/6e  q=434  optimal=true  path=eliminate  w=1
- dev.panproto.meta.lexiconSchema -> dev.panproto.schema.theory  apex=7v/6e  q=413  optimal=true  path=eliminate  w=1
- dev.panproto.meta.lexiconSchema -> dev.panproto.schema.theoryMorphism  apex=7v/6e  q=448  optimal=true  path=eliminate  w=1
- dev.panproto.meta.lexiconSchema -> dev.panproto.vcs.commit  apex=7v/6e  q=419  optimal=true  path=eliminate  w=1
- dev.panproto.meta.lexiconSchema -> dev.panproto.vcs.cstComplement  apex=7v/6e  q=447  optimal=true  path=eliminate  w=1
- dev.panproto.meta.lexiconSchema -> dev.panproto.vcs.dataSet  apex=7v/6e  q=457  optimal=true  path=eliminate  w=1
- dev.panproto.meta.lexiconSchema -> dev.panproto.vcs.editLog  apex=7v/6e  q=444  optimal=true  path=eliminate  w=1
- dev.panproto.meta.lexiconSchema -> dev.panproto.vcs.fileSchema  apex=7v/6e  q=462  optimal=true  path=eliminate  w=1
- dev.panproto.meta.lexiconSchema -> dev.panproto.vcs.flatSchema  apex=7v/6e  q=467  optimal=true  path=eliminate  w=1
- dev.panproto.meta.lexiconSchema -> dev.panproto.vcs.refUpdate  apex=7v/6e  q=426  optimal=true  path=eliminate  w=1
- dev.panproto.meta.lexiconSchema -> dev.panproto.vcs.repo  apex=7v/6e  q=452  optimal=true  path=eliminate  w=1
- dev.panproto.meta.lexiconSchema -> dev.panproto.vcs.schemaTree  apex=7v/6e  q=442  optimal=true  path=eliminate  w=1
- dev.panproto.meta.lexiconSchema -> dev.panproto.vcs.tag  apex=7v/6e  q=444  optimal=true  path=eliminate  w=1
- dev.panproto.meta.lexiconSchema -> site.standard.document  apex=7v/6e  q=296  optimal=true  path=eliminate  w=1
- dev.panproto.node -> dev.panproto.registry.dependency  apex=5v/3e  q=392  optimal=true  path=eliminate  w=1
- dev.panproto.node -> dev.panproto.registry.package  apex=6v/5e  q=491  optimal=true  path=eliminate  w=1
- dev.panproto.node -> dev.panproto.registry.version  apex=5v/3e  q=389  optimal=true  path=eliminate  w=1
- dev.panproto.node -> dev.panproto.schema.bundle  apex=5v/3e  q=393  optimal=true  path=eliminate  w=1
- dev.panproto.node -> dev.panproto.schema.class  apex=6v/5e  q=505  optimal=true  path=eliminate  w=1
- dev.panproto.node -> dev.panproto.schema.complement  apex=5v/3e  q=390  optimal=true  path=eliminate  w=1
- dev.panproto.node -> dev.panproto.schema.composition  apex=6v/5e  q=490  optimal=true  path=eliminate  w=1
- dev.panproto.node -> dev.panproto.schema.conflictPolicy  apex=5v/3e  q=377  optimal=true  path=eliminate  w=1
- dev.panproto.node -> dev.panproto.schema.editLens  apex=5v/3e  q=413  optimal=true  path=eliminate  w=1
- dev.panproto.node -> dev.panproto.schema.editLensState  apex=5v/3e  q=379  optimal=true  path=eliminate  w=1
- dev.panproto.node -> dev.panproto.schema.expr  apex=5v/3e  q=404  optimal=true  path=eliminate  w=1
- dev.panproto.node -> dev.panproto.schema.inductive  apex=5v/4e  q=397  optimal=true  path=eliminate  w=1
- dev.panproto.node -> dev.panproto.schema.instance  apex=5v/3e  q=385  optimal=true  path=eliminate  w=1
- dev.panproto.node -> dev.panproto.schema.lens  apex=5v/3e  q=403  optimal=true  path=eliminate  w=1
- dev.panproto.node -> dev.panproto.schema.lensAttestation  apex=5v/3e  q=385  optimal=true  path=eliminate  w=1
- dev.panproto.node -> dev.panproto.schema.migration  apex=5v/3e  q=378  optimal=true  path=eliminate  w=1
- dev.panproto.node -> dev.panproto.schema.protocol  apex=6v/5e  q=473  optimal=true  path=eliminate  w=1
- dev.panproto.node -> dev.panproto.schema.protolens  apex=5v/3e  q=391  optimal=true  path=eliminate  w=1
- dev.panproto.node -> dev.panproto.schema.protolensChain  apex=6v/5e  q=511  optimal=true  path=eliminate  w=1
- dev.panproto.node -> dev.panproto.schema.schema  apex=5v/3e  q=398  optimal=true  path=eliminate  w=1
- dev.panproto.node -> dev.panproto.schema.symmetricLens  apex=5v/3e  q=382  optimal=true  path=eliminate  w=1
- dev.panproto.node -> dev.panproto.schema.symmetricState  apex=5v/3e  q=373  optimal=true  path=eliminate  w=1
- dev.panproto.node -> dev.panproto.schema.theory  apex=6v/5e  q=484  optimal=true  path=eliminate  w=1
- dev.panproto.node -> dev.panproto.schema.theoryMorphism  apex=5v/3e  q=385  optimal=true  path=eliminate  w=1
- dev.panproto.node -> dev.panproto.vcs.commit  apex=6v/5e  q=495  optimal=true  path=eliminate  w=1
- dev.panproto.node -> dev.panproto.vcs.cstComplement  apex=5v/3e  q=415  optimal=true  path=eliminate  w=1
- dev.panproto.node -> dev.panproto.vcs.dataSet  apex=5v/3e  q=422  optimal=true  path=eliminate  w=1
- dev.panproto.node -> dev.panproto.vcs.editLog  apex=5v/3e  q=405  optimal=true  path=eliminate  w=1
- dev.panproto.node -> dev.panproto.vcs.fileSchema  apex=5v/3e  q=386  optimal=true  path=eliminate  w=1
- dev.panproto.node -> dev.panproto.vcs.flatSchema  apex=5v/3e  q=390  optimal=true  path=eliminate  w=1
- dev.panproto.node -> dev.panproto.vcs.refUpdate  apex=5v/3e  q=387  optimal=true  path=eliminate  w=1
- dev.panproto.node -> dev.panproto.vcs.repo  apex=5v/3e  q=436  optimal=true  path=eliminate  w=1
- dev.panproto.node -> dev.panproto.vcs.schemaTree  apex=5v/4e  q=401  optimal=true  path=eliminate  w=1
- dev.panproto.node -> dev.panproto.vcs.tag  apex=5v/3e  q=427  optimal=true  path=eliminate  w=1
- dev.panproto.node -> site.standard.document  apex=6v/5e  q=360  optimal=true  path=eliminate  w=1
- dev.panproto.registry.dependency -> dev.panproto.registry.package  apex=8v/7e  q=462  optimal=true  path=eliminate  w=1
- dev.panproto.registry.dependency -> dev.panproto.registry.version  apex=8v/7e  q=478  optimal=true  path=eliminate  w=1
- dev.panproto.registry.dependency -> dev.panproto.schema.bundle  apex=8v/7e  q=418  optimal=true  path=eliminate  w=1
- dev.panproto.registry.dependency -> dev.panproto.schema.class  apex=8v/7e  q=416  optimal=true  path=eliminate  w=1
- dev.panproto.registry.dependency -> dev.panproto.schema.complement  apex=8v/7e  q=431  optimal=true  path=eliminate  w=1
- dev.panproto.registry.dependency -> dev.panproto.schema.composition  apex=8v/7e  q=415  optimal=true  path=eliminate  w=1
- dev.panproto.registry.dependency -> dev.panproto.schema.conflictPolicy  apex=8v/7e  q=414  optimal=true  path=eliminate  w=1
- dev.panproto.registry.dependency -> dev.panproto.schema.editLens  apex=8v/7e  q=437  optimal=true  path=eliminate  w=1
- dev.panproto.registry.dependency -> dev.panproto.schema.editLensState  apex=8v/7e  q=417  optimal=true  path=eliminate  w=1
- dev.panproto.registry.dependency -> dev.panproto.schema.expr  apex=8v/7e  q=428  optimal=true  path=eliminate  w=1
- dev.panproto.registry.dependency -> dev.panproto.schema.inductive  apex=8v/7e  q=421  optimal=true  path=eliminate  w=1
- dev.panproto.registry.dependency -> dev.panproto.schema.instance  apex=8v/7e  q=420  optimal=true  path=eliminate  w=1
- dev.panproto.registry.dependency -> dev.panproto.schema.lens  apex=8v/7e  q=433  optimal=true  path=eliminate  w=1
- dev.panproto.registry.dependency -> dev.panproto.schema.lensAttestation  apex=8v/7e  q=415  optimal=true  path=eliminate  w=1
- dev.panproto.registry.dependency -> dev.panproto.schema.migration  apex=8v/7e  q=408  optimal=true  path=eliminate  w=1
- dev.panproto.registry.dependency -> dev.panproto.schema.protocol  apex=8v/7e  q=393  optimal=true  path=eliminate  w=1
- dev.panproto.registry.dependency -> dev.panproto.schema.protolens  apex=8v/7e  q=422  optimal=true  path=eliminate  w=1
- dev.panproto.registry.dependency -> dev.panproto.schema.protolensChain  apex=8v/7e  q=419  optimal=true  path=eliminate  w=1
- dev.panproto.registry.dependency -> dev.panproto.schema.schema  apex=8v/7e  q=417  optimal=true  path=eliminate  w=1
- dev.panproto.registry.dependency -> dev.panproto.schema.symmetricLens  apex=8v/7e  q=421  optimal=true  path=eliminate  w=1
- dev.panproto.registry.dependency -> dev.panproto.schema.symmetricState  apex=8v/7e  q=407  optimal=true  path=eliminate  w=1
- dev.panproto.registry.dependency -> dev.panproto.schema.theory  apex=8v/7e  q=406  optimal=true  path=eliminate  w=1
- dev.panproto.registry.dependency -> dev.panproto.schema.theoryMorphism  apex=8v/7e  q=423  optimal=true  path=eliminate  w=1
- dev.panproto.registry.dependency -> dev.panproto.vcs.commit  apex=8v/7e  q=400  optimal=true  path=eliminate  w=1
- dev.panproto.registry.dependency -> dev.panproto.vcs.cstComplement  apex=8v/7e  q=434  optimal=true  path=eliminate  w=1
- dev.panproto.registry.dependency -> dev.panproto.vcs.dataSet  apex=8v/7e  q=434  optimal=true  path=eliminate  w=1
- dev.panproto.registry.dependency -> dev.panproto.vcs.editLog  apex=8v/7e  q=425  optimal=true  path=eliminate  w=1
- dev.panproto.registry.dependency -> dev.panproto.vcs.fileSchema  apex=8v/7e  q=417  optimal=true  path=eliminate  w=1
- dev.panproto.registry.dependency -> dev.panproto.vcs.flatSchema  apex=8v/7e  q=419  optimal=true  path=eliminate  w=1
- dev.panproto.registry.dependency -> dev.panproto.vcs.refUpdate  apex=8v/7e  q=416  optimal=true  path=eliminate  w=1
- dev.panproto.registry.dependency -> dev.panproto.vcs.repo  apex=8v/7e  q=430  optimal=true  path=eliminate  w=1
- dev.panproto.registry.dependency -> dev.panproto.vcs.schemaTree  apex=8v/7e  q=503  optimal=true  path=eliminate  w=1
- dev.panproto.registry.dependency -> dev.panproto.vcs.tag  apex=8v/7e  q=427  optimal=true  path=eliminate  w=1
- dev.panproto.registry.dependency -> site.standard.document  apex=8v/7e  q=301  optimal=true  path=eliminate  w=1
- dev.panproto.registry.package -> dev.panproto.registry.version  apex=10v/8e  q=418  optimal=true  path=eliminate  w=1
- dev.panproto.registry.package -> dev.panproto.schema.bundle  apex=10v/8e  q=474  optimal=true  path=eliminate  w=1
- dev.panproto.registry.package -> dev.panproto.schema.class  apex=11v/10e  q=544  optimal=true  path=eliminate  w=1
- dev.panproto.registry.package -> dev.panproto.schema.complement  apex=10v/8e  q=366  optimal=true  path=eliminate  w=1
- dev.panproto.registry.package -> dev.panproto.schema.composition  apex=11v/10e  q=527  optimal=true  path=eliminate  w=1
- dev.panproto.registry.package -> dev.panproto.schema.conflictPolicy  apex=10v/8e  q=465  optimal=true  path=eliminate  w=1
- dev.panproto.registry.package -> dev.panproto.schema.editLens  apex=10v/8e  q=420  optimal=true  path=eliminate  w=1
- dev.panproto.registry.package -> dev.panproto.schema.editLensState  apex=10v/8e  q=368  optimal=true  path=eliminate  w=1
- dev.panproto.registry.package -> dev.panproto.schema.expr  apex=10v/8e  q=485  optimal=true  path=eliminate  w=1
- dev.panproto.registry.package -> dev.panproto.schema.inductive  apex=10v/8e  q=485  optimal=true  path=eliminate  w=1
- dev.panproto.registry.package -> dev.panproto.schema.instance  apex=10v/8e  q=475  optimal=true  path=eliminate  w=1
- dev.panproto.registry.package -> dev.panproto.schema.lens  apex=10v/8e  q=369  optimal=true  path=eliminate  w=1
- dev.panproto.registry.package -> dev.panproto.schema.lensAttestation  apex=10v/8e  q=362  optimal=true  path=eliminate  w=1
- dev.panproto.registry.package -> dev.panproto.schema.migration  apex=10v/8e  q=359  optimal=true  path=eliminate  w=1
- dev.panproto.registry.package -> dev.panproto.schema.protocol  apex=11v/10e  q=448  optimal=true  path=eliminate  w=1
- dev.panproto.registry.package -> dev.panproto.schema.protolens  apex=10v/8e  q=476  optimal=true  path=eliminate  w=1
- dev.panproto.registry.package -> dev.panproto.schema.protolensChain  apex=11v/10e  q=416  optimal=true  path=eliminate  w=1
- dev.panproto.registry.package -> dev.panproto.schema.schema  apex=10v/8e  q=423  optimal=true  path=eliminate  w=1
- dev.panproto.registry.package -> dev.panproto.schema.symmetricLens  apex=10v/8e  q=366  optimal=true  path=eliminate  w=1
- dev.panproto.registry.package -> dev.panproto.schema.symmetricState  apex=10v/8e  q=375  optimal=true  path=eliminate  w=1
- dev.panproto.registry.package -> dev.panproto.schema.theory  apex=11v/10e  q=456  optimal=true  path=eliminate  w=1
- dev.panproto.registry.package -> dev.panproto.schema.theoryMorphism  apex=10v/8e  q=420  optimal=true  path=eliminate  w=1
- dev.panproto.registry.package -> dev.panproto.vcs.commit  apex=11v/10e  q=456  optimal=true  path=eliminate  w=1
- dev.panproto.registry.package -> dev.panproto.vcs.cstComplement  apex=10v/8e  q=373  optimal=true  path=eliminate  w=1
- dev.panproto.registry.package -> dev.panproto.vcs.dataSet  apex=10v/8e  q=381  optimal=true  path=eliminate  w=1
- dev.panproto.registry.package -> dev.panproto.vcs.editLog  apex=10v/8e  q=372  optimal=true  path=eliminate  w=1
- dev.panproto.registry.package -> dev.panproto.vcs.fileSchema  apex=10v/8e  q=420  optimal=true  path=eliminate  w=1
- dev.panproto.registry.package -> dev.panproto.vcs.flatSchema  apex=10v/8e  q=372  optimal=true  path=eliminate  w=1
- dev.panproto.registry.package -> dev.panproto.vcs.refUpdate  apex=10v/8e  q=422  optimal=true  path=eliminate  w=1
- dev.panproto.registry.package -> dev.panproto.vcs.repo  apex=10v/8e  q=432  optimal=true  path=eliminate  w=1
- dev.panproto.registry.package -> dev.panproto.vcs.schemaTree  apex=10v/9e  q=379  optimal=true  path=eliminate  w=1
- dev.panproto.registry.package -> dev.panproto.vcs.tag  apex=10v/8e  q=385  optimal=true  path=eliminate  w=1
- dev.panproto.registry.package -> site.standard.document  apex=11v/10e  q=356  optimal=true  path=eliminate  w=1
- dev.panproto.registry.version -> dev.panproto.schema.bundle  apex=9v/8e  q=410  optimal=true  path=eliminate  w=1
- dev.panproto.registry.version -> dev.panproto.schema.class  apex=9v/8e  q=420  optimal=true  path=eliminate  w=1
- dev.panproto.registry.version -> dev.panproto.schema.complement  apex=9v/8e  q=474  optimal=true  path=eliminate  w=1
- dev.panproto.registry.version -> dev.panproto.schema.composition  apex=9v/8e  q=430  optimal=true  path=eliminate  w=1
- dev.panproto.registry.version -> dev.panproto.schema.conflictPolicy  apex=9v/8e  q=406  optimal=true  path=eliminate  w=1
- dev.panproto.registry.version -> dev.panproto.schema.editLens  apex=9v/8e  q=482  optimal=true  path=eliminate  w=1
- dev.panproto.registry.version -> dev.panproto.schema.editLensState  apex=9v/8e  q=412  optimal=true  path=eliminate  w=1
- dev.panproto.registry.version -> dev.panproto.schema.expr  apex=9v/8e  q=425  optimal=true  path=eliminate  w=1
- dev.panproto.registry.version -> dev.panproto.schema.inductive  apex=9v/8e  q=420  optimal=true  path=eliminate  w=1
- dev.panproto.registry.version -> dev.panproto.schema.instance  apex=9v/8e  q=413  optimal=true  path=eliminate  w=1
- dev.panproto.registry.version -> dev.panproto.schema.lens  apex=9v/8e  q=423  optimal=true  path=eliminate  w=1
- dev.panproto.registry.version -> dev.panproto.schema.lensAttestation  apex=9v/8e  q=484  optimal=true  path=eliminate  w=1
- dev.panproto.registry.version -> dev.panproto.schema.migration  apex=9v/8e  q=420  optimal=true  path=eliminate  w=1
- dev.panproto.registry.version -> dev.panproto.schema.protocol  apex=9v/8e  q=394  optimal=true  path=eliminate  w=1
- dev.panproto.registry.version -> dev.panproto.schema.protolens  apex=9v/8e  q=415  optimal=true  path=eliminate  w=1
- dev.panproto.registry.version -> dev.panproto.schema.protolensChain  apex=9v/8e  q=419  optimal=true  path=eliminate  w=1
- dev.panproto.registry.version -> dev.panproto.schema.schema  apex=9v/8e  q=412  optimal=true  path=eliminate  w=1
- dev.panproto.registry.version -> dev.panproto.schema.symmetricLens  apex=9v/8e  q=424  optimal=true  path=eliminate  w=1
- dev.panproto.registry.version -> dev.panproto.schema.symmetricState  apex=9v/8e  q=409  optimal=true  path=eliminate  w=1
- dev.panproto.registry.version -> dev.panproto.schema.theory  apex=9v/8e  q=397  optimal=true  path=eliminate  w=1
- dev.panproto.registry.version -> dev.panproto.schema.theoryMorphism  apex=9v/8e  q=422  optimal=true  path=eliminate  w=1
- dev.panproto.registry.version -> dev.panproto.vcs.commit  apex=9v/8e  q=412  optimal=true  path=eliminate  w=1
- dev.panproto.registry.version -> dev.panproto.vcs.cstComplement  apex=9v/8e  q=415  optimal=true  path=eliminate  w=1
- dev.panproto.registry.version -> dev.panproto.vcs.dataSet  apex=9v/8e  q=418  optimal=true  path=eliminate  w=1
- dev.panproto.registry.version -> dev.panproto.vcs.editLog  apex=9v/8e  q=430  optimal=true  path=eliminate  w=1
- dev.panproto.registry.version -> dev.panproto.vcs.fileSchema  apex=9v/8e  q=408  optimal=true  path=eliminate  w=1
- dev.panproto.registry.version -> dev.panproto.vcs.flatSchema  apex=9v/8e  q=415  optimal=true  path=eliminate  w=1
- dev.panproto.registry.version -> dev.panproto.vcs.refUpdate  apex=9v/8e  q=411  optimal=true  path=eliminate  w=1
- dev.panproto.registry.version -> dev.panproto.vcs.repo  apex=9v/8e  q=428  optimal=true  path=eliminate  w=1
- dev.panproto.registry.version -> dev.panproto.vcs.schemaTree  apex=9v/8e  q=422  optimal=true  path=eliminate  w=1
- dev.panproto.registry.version -> dev.panproto.vcs.tag  apex=9v/8e  q=422  optimal=true  path=eliminate  w=1
- dev.panproto.registry.version -> site.standard.document  apex=9v/8e  q=288  optimal=true  path=eliminate  w=1
- dev.panproto.schema.bundle -> dev.panproto.schema.class  apex=11v/10e  q=670  optimal=true  path=eliminate  w=1
- dev.panproto.schema.bundle -> dev.panproto.schema.complement  apex=7v/6e  q=412  optimal=true  path=eliminate  w=1
- dev.panproto.schema.bundle -> dev.panproto.schema.composition  apex=7v/6e  q=526  optimal=true  path=eliminate  w=1
- dev.panproto.schema.bundle -> dev.panproto.schema.conflictPolicy  apex=7v/6e  q=516  optimal=true  path=eliminate  w=1
- dev.panproto.schema.bundle -> dev.panproto.schema.editLens  apex=7v/6e  q=423  optimal=true  path=eliminate  w=1
- dev.panproto.schema.bundle -> dev.panproto.schema.editLensState  apex=11v/10e  q=521  optimal=true  path=eliminate  w=1
- dev.panproto.schema.bundle -> dev.panproto.schema.expr  apex=7v/6e  q=542  optimal=true  path=eliminate  w=1
- dev.panproto.schema.bundle -> dev.panproto.schema.inductive  apex=11v/10e  q=675  optimal=true  path=eliminate  w=1
- dev.panproto.schema.bundle -> dev.panproto.schema.instance  apex=11v/10e  q=657  optimal=true  path=eliminate  w=1
- dev.panproto.schema.bundle -> dev.panproto.schema.lens  apex=7v/6e  q=420  optimal=true  path=eliminate  w=1
- dev.panproto.schema.bundle -> dev.panproto.schema.lensAttestation  apex=6v/5e  q=262  optimal=true  path=eliminate  w=1
- dev.panproto.schema.bundle -> dev.panproto.schema.migration  apex=11v/10e  q=524  optimal=true  path=eliminate  w=1
- dev.panproto.schema.bundle -> dev.panproto.schema.protocol  apex=6v/5e  q=297  optimal=true  path=eliminate  w=1
- dev.panproto.schema.bundle -> dev.panproto.schema.protolens  apex=7v/6e  q=530  optimal=true  path=eliminate  w=1
- dev.panproto.schema.bundle -> dev.panproto.schema.protolensChain  apex=7v/6e  q=415  optimal=true  path=eliminate  w=1
- dev.panproto.schema.bundle -> dev.panproto.schema.schema  apex=11v/10e  q=554  optimal=true  path=eliminate  w=1
- dev.panproto.schema.bundle -> dev.panproto.schema.symmetricLens  apex=7v/6e  q=400  optimal=true  path=eliminate  w=1
- dev.panproto.schema.bundle -> dev.panproto.schema.symmetricState  apex=7v/6e  q=394  optimal=true  path=eliminate  w=1
- dev.panproto.schema.bundle -> dev.panproto.schema.theory  apex=11v/10e  q=625  optimal=true  path=eliminate  w=1
- dev.panproto.schema.bundle -> dev.panproto.schema.theoryMorphism  apex=7v/6e  q=459  optimal=true  path=eliminate  w=1
- dev.panproto.schema.bundle -> dev.panproto.vcs.commit  apex=10v/9e  q=406  optimal=true  path=eliminate  w=1
- dev.panproto.schema.bundle -> dev.panproto.vcs.cstComplement  apex=7v/6e  q=403  optimal=true  path=eliminate  w=1
- dev.panproto.schema.bundle -> dev.panproto.vcs.dataSet  apex=11v/10e  q=530  optimal=true  path=eliminate  w=1
- dev.panproto.schema.bundle -> dev.panproto.vcs.editLog  apex=11v/10e  q=515  optimal=true  path=eliminate  w=1
- dev.panproto.schema.bundle -> dev.panproto.vcs.fileSchema  apex=11v/10e  q=507  optimal=true  path=eliminate  w=1
- dev.panproto.schema.bundle -> dev.panproto.vcs.flatSchema  apex=11v/10e  q=518  optimal=true  path=eliminate  w=1
- dev.panproto.schema.bundle -> dev.panproto.vcs.refUpdate  apex=10v/9e  q=383  optimal=true  path=eliminate  w=1
- dev.panproto.schema.bundle -> dev.panproto.vcs.repo  apex=10v/9e  q=383  optimal=true  path=eliminate  w=1
- dev.panproto.schema.bundle -> dev.panproto.vcs.schemaTree  apex=7v/6e  q=404  optimal=true  path=eliminate  w=1
- dev.panproto.schema.bundle -> dev.panproto.vcs.tag  apex=6v/5e  q=313  optimal=true  path=eliminate  w=1
- dev.panproto.schema.bundle -> site.standard.document  apex=7v/6e  q=232  optimal=true  path=eliminate  w=1
- dev.panproto.schema.class -> dev.panproto.schema.complement  apex=8v/6e  q=452  optimal=true  path=eliminate  w=1
- dev.panproto.schema.class -> dev.panproto.schema.composition  apex=9v/8e  q=642  optimal=true  path=eliminate  w=1
- dev.panproto.schema.class -> dev.panproto.schema.conflictPolicy  apex=8v/6e  q=560  optimal=true  path=eliminate  w=1
- dev.panproto.schema.class -> dev.panproto.schema.editLens  apex=8v/6e  q=464  optimal=true  path=eliminate  w=1
- dev.panproto.schema.class -> dev.panproto.schema.editLensState  apex=10v/8e  q=496  optimal=true  path=eliminate  w=1
- dev.panproto.schema.class -> dev.panproto.schema.expr  apex=8v/6e  q=594  optimal=true  path=eliminate  w=1
- dev.panproto.schema.class -> dev.panproto.schema.inductive  apex=10v/9e  q=651  optimal=true  path=eliminate  w=1
- dev.panproto.schema.class -> dev.panproto.schema.instance  apex=10v/8e  q=629  optimal=true  path=eliminate  w=1
- dev.panproto.schema.class -> dev.panproto.schema.lens  apex=8v/6e  q=472  optimal=true  path=eliminate  w=1
- dev.panproto.schema.class -> dev.panproto.schema.lensAttestation  apex=7v/5e  q=296  optimal=true  path=eliminate  w=1
- dev.panproto.schema.class -> dev.panproto.schema.migration  apex=10v/8e  q=503  optimal=true  path=eliminate  w=1
- dev.panproto.schema.class -> dev.panproto.schema.protocol  apex=8v/7e  q=388  optimal=true  path=eliminate  w=1
- dev.panproto.schema.class -> dev.panproto.schema.protolens  apex=8v/6e  q=576  optimal=true  path=eliminate  w=1
- dev.panproto.schema.class -> dev.panproto.schema.protolensChain  apex=9v/8e  q=517  optimal=true  path=eliminate  w=1
- dev.panproto.schema.class -> dev.panproto.schema.schema  apex=10v/8e  q=531  optimal=true  path=eliminate  w=1
- dev.panproto.schema.class -> dev.panproto.schema.symmetricLens  apex=8v/6e  q=442  optimal=true  path=eliminate  w=1
- dev.panproto.schema.class -> dev.panproto.schema.symmetricState  apex=8v/6e  q=436  optimal=true  path=eliminate  w=1
- dev.panproto.schema.class -> dev.panproto.schema.theory  apex=11v/10e  q=602  optimal=true  path=eliminate  w=1
- dev.panproto.schema.class -> dev.panproto.schema.theoryMorphism  apex=8v/6e  q=506  optimal=true  path=eliminate  w=1
- dev.panproto.schema.class -> dev.panproto.vcs.commit  apex=10v/9e  q=440  optimal=true  path=eliminate  w=1
- dev.panproto.schema.class -> dev.panproto.vcs.cstComplement  apex=8v/6e  q=443  optimal=true  path=eliminate  w=1
- dev.panproto.schema.class -> dev.panproto.vcs.dataSet  apex=10v/8e  q=510  optimal=true  path=eliminate  w=1
- dev.panproto.schema.class -> dev.panproto.vcs.editLog  apex=10v/8e  q=494  optimal=true  path=eliminate  w=1
- dev.panproto.schema.class -> dev.panproto.vcs.fileSchema  apex=10v/8e  q=482  optimal=true  path=eliminate  w=1
- dev.panproto.schema.class -> dev.panproto.vcs.flatSchema  apex=10v/8e  q=497  optimal=true  path=eliminate  w=1
- dev.panproto.schema.class -> dev.panproto.vcs.refUpdate  apex=9v/7e  q=346  optimal=true  path=eliminate  w=1
- dev.panproto.schema.class -> dev.panproto.vcs.repo  apex=9v/7e  q=354  optimal=true  path=eliminate  w=1
- dev.panproto.schema.class -> dev.panproto.vcs.schemaTree  apex=8v/7e  q=445  optimal=true  path=eliminate  w=1
- dev.panproto.schema.class -> dev.panproto.vcs.tag  apex=7v/5e  q=356  optimal=true  path=eliminate  w=1
- dev.panproto.schema.class -> site.standard.document  apex=9v/8e  q=305  optimal=true  path=eliminate  w=1
- dev.panproto.schema.complement -> dev.panproto.schema.composition  apex=9v/8e  q=598  optimal=true  path=eliminate  w=1
- dev.panproto.schema.complement -> dev.panproto.schema.conflictPolicy  apex=9v/8e  q=570  optimal=true  path=eliminate  w=1
- dev.panproto.schema.complement -> dev.panproto.schema.editLens  apex=9v/8e  q=688  optimal=true  path=eliminate  w=1
- dev.panproto.schema.complement -> dev.panproto.schema.editLensState  apex=9v/8e  q=717  optimal=true  path=eliminate  w=1
- dev.panproto.schema.complement -> dev.panproto.schema.expr  apex=9v/8e  q=588  optimal=true  path=eliminate  w=1
- dev.panproto.schema.complement -> dev.panproto.schema.inductive  apex=9v/8e  q=579  optimal=true  path=eliminate  w=1
- dev.panproto.schema.complement -> dev.panproto.schema.instance  apex=9v/8e  q=570  optimal=true  path=eliminate  w=1
- dev.panproto.schema.complement -> dev.panproto.schema.lens  apex=9v/8e  q=599  optimal=true  path=eliminate  w=1
- dev.panproto.schema.complement -> dev.panproto.schema.lensAttestation  apex=8v/7e  q=464  optimal=true  path=eliminate  w=1
- dev.panproto.schema.complement -> dev.panproto.schema.migration  apex=9v/8e  q=570  optimal=true  path=eliminate  w=1
- dev.panproto.schema.complement -> dev.panproto.schema.protocol  apex=8v/7e  q=386  optimal=true  path=eliminate  w=1
- dev.panproto.schema.complement -> dev.panproto.schema.protolens  apex=9v/8e  q=588  optimal=true  path=eliminate  w=1
- dev.panproto.schema.complement -> dev.panproto.schema.protolensChain  apex=9v/8e  q=599  optimal=true  path=eliminate  w=1
- dev.panproto.schema.complement -> dev.panproto.schema.schema  apex=9v/8e  q=590  optimal=true  path=eliminate  w=1
- dev.panproto.schema.complement -> dev.panproto.schema.symmetricLens  apex=9v/8e  q=584  optimal=true  path=eliminate  w=1
- dev.panproto.schema.complement -> dev.panproto.schema.symmetricState  apex=9v/8e  q=570  optimal=true  path=eliminate  w=1
- dev.panproto.schema.complement -> dev.panproto.schema.theory  apex=9v/8e  q=542  optimal=true  path=eliminate  w=1
- dev.panproto.schema.complement -> dev.panproto.schema.theoryMorphism  apex=9v/8e  q=580  optimal=true  path=eliminate  w=1
- dev.panproto.schema.complement -> dev.panproto.vcs.commit  apex=8v/7e  q=439  optimal=true  path=eliminate  w=1
- dev.panproto.schema.complement -> dev.panproto.vcs.cstComplement  apex=9v/8e  q=618  optimal=true  path=eliminate  w=1
- dev.panproto.schema.complement -> dev.panproto.vcs.dataSet  apex=9v/8e  q=572  optimal=true  path=eliminate  w=1
- dev.panproto.schema.complement -> dev.panproto.vcs.editLog  apex=9v/8e  q=548  optimal=true  path=eliminate  w=1
- dev.panproto.schema.complement -> dev.panproto.vcs.fileSchema  apex=9v/8e  q=538  optimal=true  path=eliminate  w=1
- dev.panproto.schema.complement -> dev.panproto.vcs.flatSchema  apex=9v/8e  q=556  optimal=true  path=eliminate  w=1
- dev.panproto.schema.complement -> dev.panproto.vcs.refUpdate  apex=8v/7e  q=376  optimal=true  path=eliminate  w=1
- dev.panproto.schema.complement -> dev.panproto.vcs.repo  apex=8v/7e  q=382  optimal=true  path=eliminate  w=1
- dev.panproto.schema.complement -> dev.panproto.vcs.schemaTree  apex=9v/8e  q=567  optimal=true  path=eliminate  w=1
- dev.panproto.schema.complement -> dev.panproto.vcs.tag  apex=8v/7e  q=451  optimal=true  path=eliminate  w=1
- dev.panproto.schema.complement -> site.standard.document  apex=9v/8e  q=304  optimal=true  path=eliminate  w=1
- dev.panproto.schema.composition -> dev.panproto.schema.conflictPolicy  apex=11v/8e  q=426  optimal=true  path=eliminate  w=1
- dev.panproto.schema.composition -> dev.panproto.schema.editLens  apex=11v/8e  q=363  optimal=true  path=eliminate  w=1
- dev.panproto.schema.composition -> dev.panproto.schema.editLensState  apex=13v/10e  q=382  optimal=true  path=eliminate  w=1
- dev.panproto.schema.composition -> dev.panproto.schema.expr  apex=11v/8e  q=431  optimal=true  path=eliminate  w=1
- dev.panproto.schema.composition -> dev.panproto.schema.inductive  apex=15v/13e  q=554  optimal=true  path=eliminate  w=1
- dev.panproto.schema.composition -> dev.panproto.schema.instance  apex=13v/10e  q=456  optimal=true  path=eliminate  w=1
- dev.panproto.schema.composition -> dev.panproto.schema.lens  apex=11v/8e  q=350  optimal=true  path=eliminate  w=1
- dev.panproto.schema.composition -> dev.panproto.schema.lensAttestation  apex=10v/7e  q=266  optimal=true  path=eliminate  w=1
- dev.panproto.schema.composition -> dev.panproto.schema.migration  apex=15v/13e  q=476  optimal=true  path=eliminate  w=1
- dev.panproto.schema.composition -> dev.panproto.schema.protocol  apex=13v/12e  q=397  optimal=true  path=eliminate  w=1
- dev.panproto.schema.composition -> dev.panproto.schema.protolens  apex=11v/8e  q=421  optimal=true  path=eliminate  w=1
- dev.panproto.schema.composition -> dev.panproto.schema.protolensChain  apex=13v/11e  q=477  optimal=true  path=eliminate  w=1
- dev.panproto.schema.composition -> dev.panproto.schema.schema  apex=13v/10e  q=391  optimal=true  path=eliminate  w=1
- dev.panproto.schema.composition -> dev.panproto.schema.symmetricLens  apex=11v/8e  q=353  optimal=true  path=eliminate  w=1
- dev.panproto.schema.composition -> dev.panproto.schema.symmetricState  apex=11v/8e  q=345  optimal=true  path=eliminate  w=1
- dev.panproto.schema.composition -> dev.panproto.schema.theory  apex=15v/13e  q=459  optimal=true  path=eliminate  w=1
- dev.panproto.schema.composition -> dev.panproto.schema.theoryMorphism  apex=11v/8e  q=394  optimal=true  path=eliminate  w=1
- dev.panproto.schema.composition -> dev.panproto.vcs.commit  apex=14v/9e  q=396  optimal=true  path=eliminate  w=1
- dev.panproto.schema.composition -> dev.panproto.vcs.cstComplement  apex=11v/8e  q=350  optimal=true  path=eliminate  w=1
- dev.panproto.schema.composition -> dev.panproto.vcs.dataSet  apex=13v/10e  q=377  optimal=true  path=eliminate  w=1
- dev.panproto.schema.composition -> dev.panproto.vcs.editLog  apex=13v/10e  q=378  optimal=true  path=eliminate  w=1
- dev.panproto.schema.composition -> dev.panproto.vcs.fileSchema  apex=13v/10e  q=357  optimal=true  path=eliminate  w=1
- dev.panproto.schema.composition -> dev.panproto.vcs.flatSchema  apex=13v/10e  q=366  optimal=true  path=eliminate  w=1
- dev.panproto.schema.composition -> dev.panproto.vcs.refUpdate  apex=13v/7e  q=317  optimal=true  path=eliminate  w=1
- dev.panproto.schema.composition -> dev.panproto.vcs.repo  apex=12v/9e  q=287  optimal=true  path=eliminate  w=1
- dev.panproto.schema.composition -> dev.panproto.vcs.schemaTree  apex=13v/12e  q=407  optimal=true  path=eliminate  w=1
- dev.panproto.schema.composition -> dev.panproto.vcs.tag  apex=10v/7e  q=281  optimal=true  path=eliminate  w=1
- dev.panproto.schema.composition -> site.standard.document  apex=14v/13e  q=317  optimal=true  path=eliminate  w=1
- dev.panproto.schema.conflictPolicy -> dev.panproto.schema.editLens  apex=10v/9e  q=560  optimal=true  path=eliminate  w=1
- dev.panproto.schema.conflictPolicy -> dev.panproto.schema.editLensState  apex=10v/9e  q=534  optimal=true  path=eliminate  w=1
- dev.panproto.schema.conflictPolicy -> dev.panproto.schema.expr  apex=10v/9e  q=676  optimal=true  path=eliminate  w=1
- dev.panproto.schema.conflictPolicy -> dev.panproto.schema.inductive  apex=10v/9e  q=698  optimal=true  path=eliminate  w=1
- dev.panproto.schema.conflictPolicy -> dev.panproto.schema.instance  apex=10v/9e  q=667  optimal=true  path=eliminate  w=1
- dev.panproto.schema.conflictPolicy -> dev.panproto.schema.lens  apex=10v/9e  q=541  optimal=true  path=eliminate  w=1
- dev.panproto.schema.conflictPolicy -> dev.panproto.schema.lensAttestation  apex=9v/8e  q=397  optimal=true  path=eliminate  w=1
- dev.panproto.schema.conflictPolicy -> dev.panproto.schema.migration  apex=10v/9e  q=536  optimal=true  path=eliminate  w=1
- dev.panproto.schema.conflictPolicy -> dev.panproto.schema.protocol  apex=9v/8e  q=429  optimal=true  path=eliminate  w=1
- dev.panproto.schema.conflictPolicy -> dev.panproto.schema.protolens  apex=10v/9e  q=682  optimal=true  path=eliminate  w=1
- dev.panproto.schema.conflictPolicy -> dev.panproto.schema.protolensChain  apex=10v/9e  q=565  optimal=true  path=eliminate  w=1
- dev.panproto.schema.conflictPolicy -> dev.panproto.schema.schema  apex=10v/9e  q=541  optimal=true  path=eliminate  w=1
- dev.panproto.schema.conflictPolicy -> dev.panproto.schema.symmetricLens  apex=10v/9e  q=537  optimal=true  path=eliminate  w=1
- dev.panproto.schema.conflictPolicy -> dev.panproto.schema.symmetricState  apex=10v/9e  q=534  optimal=true  path=eliminate  w=1
- dev.panproto.schema.conflictPolicy -> dev.panproto.schema.theory  apex=10v/9e  q=565  optimal=true  path=eliminate  w=1
- dev.panproto.schema.conflictPolicy -> dev.panproto.schema.theoryMorphism  apex=10v/9e  q=616  optimal=true  path=eliminate  w=1
- dev.panproto.schema.conflictPolicy -> dev.panproto.vcs.commit  apex=9v/8e  q=413  optimal=true  path=eliminate  w=1
- dev.panproto.schema.conflictPolicy -> dev.panproto.vcs.cstComplement  apex=10v/9e  q=533  optimal=true  path=eliminate  w=1
- dev.panproto.schema.conflictPolicy -> dev.panproto.vcs.dataSet  apex=10v/9e  q=524  optimal=true  path=eliminate  w=1
- dev.panproto.schema.conflictPolicy -> dev.panproto.vcs.editLog  apex=10v/9e  q=526  optimal=true  path=eliminate  w=1
- dev.panproto.schema.conflictPolicy -> dev.panproto.vcs.fileSchema  apex=10v/9e  q=512  optimal=true  path=eliminate  w=1
- dev.panproto.schema.conflictPolicy -> dev.panproto.vcs.flatSchema  apex=10v/9e  q=527  optimal=true  path=eliminate  w=1
- dev.panproto.schema.conflictPolicy -> dev.panproto.vcs.refUpdate  apex=9v/8e  q=360  optimal=true  path=eliminate  w=1
- dev.panproto.schema.conflictPolicy -> dev.panproto.vcs.repo  apex=9v/8e  q=364  optimal=true  path=eliminate  w=1
- dev.panproto.schema.conflictPolicy -> dev.panproto.vcs.schemaTree  apex=10v/9e  q=515  optimal=true  path=eliminate  w=1
- dev.panproto.schema.conflictPolicy -> dev.panproto.vcs.tag  apex=9v/8e  q=428  optimal=true  path=eliminate  w=1
- dev.panproto.schema.conflictPolicy -> site.standard.document  apex=10v/9e  q=327  optimal=true  path=eliminate  w=1
- dev.panproto.schema.editLens -> dev.panproto.schema.editLensState  apex=7v/6e  q=658  optimal=true  path=eliminate  w=1
- dev.panproto.schema.editLens -> dev.panproto.schema.expr  apex=7v/6e  q=653  optimal=true  path=eliminate  w=1
- dev.panproto.schema.editLens -> dev.panproto.schema.inductive  apex=7v/6e  q=647  optimal=true  path=eliminate  w=1
- dev.panproto.schema.editLens -> dev.panproto.schema.instance  apex=7v/6e  q=630  optimal=true  path=eliminate  w=1
- dev.panproto.schema.editLens -> dev.panproto.schema.lens  apex=7v/6e  q=662  optimal=true  path=eliminate  w=1
- dev.panproto.schema.editLens -> dev.panproto.schema.lensAttestation  apex=6v/5e  q=504  optimal=true  path=eliminate  w=1
- dev.panproto.schema.editLens -> dev.panproto.schema.migration  apex=7v/6e  q=622  optimal=true  path=eliminate  w=1
- dev.panproto.schema.editLens -> dev.panproto.schema.protocol  apex=6v/5e  q=406  optimal=true  path=eliminate  w=1
- dev.panproto.schema.editLens -> dev.panproto.schema.protolens  apex=7v/6e  q=654  optimal=true  path=eliminate  w=1
- dev.panproto.schema.editLens -> dev.panproto.schema.protolensChain  apex=7v/6e  q=693  optimal=true  path=eliminate  w=1
- dev.panproto.schema.editLens -> dev.panproto.schema.schema  apex=7v/6e  q=747  optimal=true  path=eliminate  w=1
- dev.panproto.schema.editLens -> dev.panproto.schema.symmetricLens  apex=7v/6e  q=659  optimal=true  path=eliminate  w=1
- dev.panproto.schema.editLens -> dev.panproto.schema.symmetricState  apex=7v/6e  q=619  optimal=true  path=eliminate  w=1
- dev.panproto.schema.editLens -> dev.panproto.schema.theory  apex=7v/6e  q=598  optimal=true  path=eliminate  w=1
- dev.panproto.schema.editLens -> dev.panproto.schema.theoryMorphism  apex=7v/6e  q=647  optimal=true  path=eliminate  w=1
- dev.panproto.schema.editLens -> dev.panproto.vcs.commit  apex=6v/5e  q=507  optimal=true  path=eliminate  w=1
- dev.panproto.schema.editLens -> dev.panproto.vcs.cstComplement  apex=7v/6e  q=662  optimal=true  path=eliminate  w=1
- dev.panproto.schema.editLens -> dev.panproto.vcs.dataSet  apex=7v/6e  q=659  optimal=true  path=eliminate  w=1
- dev.panproto.schema.editLens -> dev.panproto.vcs.editLog  apex=7v/6e  q=643  optimal=true  path=eliminate  w=1
- dev.panproto.schema.editLens -> dev.panproto.vcs.fileSchema  apex=7v/6e  q=681  optimal=true  path=eliminate  w=1
- dev.panproto.schema.editLens -> dev.panproto.vcs.flatSchema  apex=7v/6e  q=611  optimal=true  path=eliminate  w=1
- dev.panproto.schema.editLens -> dev.panproto.vcs.refUpdate  apex=6v/5e  q=458  optimal=true  path=eliminate  w=1
- dev.panproto.schema.editLens -> dev.panproto.vcs.repo  apex=6v/5e  q=502  optimal=true  path=eliminate  w=1
- dev.panproto.schema.editLens -> dev.panproto.vcs.schemaTree  apex=7v/6e  q=635  optimal=true  path=eliminate  w=1
- dev.panproto.schema.editLens -> dev.panproto.vcs.tag  apex=6v/5e  q=506  optimal=true  path=eliminate  w=1
- dev.panproto.schema.editLens -> site.standard.document  apex=7v/6e  q=291  optimal=true  path=eliminate  w=1
- dev.panproto.schema.editLensState -> dev.panproto.schema.expr  apex=8v/0e  q=293  optimal=true  path=eliminate  w=1
- dev.panproto.schema.editLensState -> dev.panproto.schema.inductive  apex=10v/9e  q=556  optimal=true  path=eliminate  w=1
- dev.panproto.schema.editLensState -> dev.panproto.schema.instance  apex=10v/9e  q=557  optimal=true  path=eliminate  w=1
- dev.panproto.schema.editLensState -> dev.panproto.schema.lens  apex=8v/0e  q=303  optimal=true  path=eliminate  w=1
- dev.panproto.schema.editLensState -> dev.panproto.schema.lensAttestation  apex=7v/0e  q=259  optimal=true  path=eliminate  w=1
- dev.panproto.schema.editLensState -> dev.panproto.schema.migration  apex=10v/9e  q=544  optimal=true  path=eliminate  w=1
- dev.panproto.schema.editLensState -> dev.panproto.schema.protocol  apex=7v/0e  q=251  optimal=true  path=eliminate  w=1
- dev.panproto.schema.editLensState -> dev.panproto.schema.protolens  apex=8v/0e  q=300  optimal=true  path=eliminate  w=1
- dev.panproto.schema.editLensState -> dev.panproto.schema.protolensChain  apex=8v/0e  q=305  optimal=true  path=eliminate  w=1
- dev.panproto.schema.editLensState -> dev.panproto.schema.schema  apex=10v/9e  q=552  optimal=true  path=eliminate  w=1
- dev.panproto.schema.editLensState -> dev.panproto.schema.symmetricLens  apex=8v/0e  q=293  optimal=true  path=eliminate  w=1
- dev.panproto.schema.editLensState -> dev.panproto.schema.symmetricState  apex=8v/0e  q=310  optimal=true  path=eliminate  w=1
- dev.panproto.schema.editLensState -> dev.panproto.schema.theory  apex=10v/9e  q=518  optimal=true  path=eliminate  w=1
- dev.panproto.schema.editLensState -> dev.panproto.schema.theoryMorphism  apex=8v/0e  q=289  optimal=true  path=eliminate  w=1
- dev.panproto.schema.editLensState -> dev.panproto.vcs.commit  apex=9v/8e  q=399  optimal=true  path=eliminate  w=1
- dev.panproto.schema.editLensState -> dev.panproto.vcs.cstComplement  apex=8v/0e  q=269  optimal=true  path=eliminate  w=1
- dev.panproto.schema.editLensState -> dev.panproto.vcs.dataSet  apex=10v/9e  q=545  optimal=true  path=eliminate  w=1
- dev.panproto.schema.editLensState -> dev.panproto.vcs.editLog  apex=10v/9e  q=541  optimal=true  path=eliminate  w=1
- dev.panproto.schema.editLensState -> dev.panproto.vcs.fileSchema  apex=10v/9e  q=514  optimal=true  path=eliminate  w=1
- dev.panproto.schema.editLensState -> dev.panproto.vcs.flatSchema  apex=10v/9e  q=526  optimal=true  path=eliminate  w=1
- dev.panproto.schema.editLensState -> dev.panproto.vcs.refUpdate  apex=9v/8e  q=376  optimal=true  path=eliminate  w=1
- dev.panproto.schema.editLensState -> dev.panproto.vcs.repo  apex=9v/8e  q=368  optimal=true  path=eliminate  w=1
- dev.panproto.schema.editLensState -> dev.panproto.vcs.schemaTree  apex=8v/0e  q=274  optimal=true  path=eliminate  w=1
- dev.panproto.schema.editLensState -> dev.panproto.vcs.tag  apex=7v/0e  q=239  optimal=true  path=eliminate  w=1
- dev.panproto.schema.editLensState -> site.standard.document  apex=8v/0e  q=214  optimal=true  path=eliminate  w=1
- dev.panproto.schema.expr -> dev.panproto.schema.inductive  apex=9v/8e  q=738  optimal=true  path=eliminate  w=1
- dev.panproto.schema.expr -> dev.panproto.schema.instance  apex=9v/8e  q=708  optimal=true  path=eliminate  w=1
- dev.panproto.schema.expr -> dev.panproto.schema.lens  apex=9v/8e  q=607  optimal=true  path=eliminate  w=1
- dev.panproto.schema.expr -> dev.panproto.schema.lensAttestation  apex=8v/7e  q=399  optimal=true  path=eliminate  w=1
- dev.panproto.schema.expr -> dev.panproto.schema.migration  apex=9v/8e  q=570  optimal=true  path=eliminate  w=1
- dev.panproto.schema.expr -> dev.panproto.schema.protocol  apex=8v/7e  q=439  optimal=true  path=eliminate  w=1
- dev.panproto.schema.expr -> dev.panproto.schema.protolens  apex=9v/8e  q=718  optimal=true  path=eliminate  w=1
- dev.panproto.schema.expr -> dev.panproto.schema.protolensChain  apex=9v/8e  q=587  optimal=true  path=eliminate  w=1
- dev.panproto.schema.expr -> dev.panproto.schema.schema  apex=9v/8e  q=595  optimal=true  path=eliminate  w=1
- dev.panproto.schema.expr -> dev.panproto.schema.symmetricLens  apex=9v/8e  q=570  optimal=true  path=eliminate  w=1
- dev.panproto.schema.expr -> dev.panproto.schema.symmetricState  apex=9v/8e  q=557  optimal=true  path=eliminate  w=1
- dev.panproto.schema.expr -> dev.panproto.schema.theory  apex=9v/8e  q=616  optimal=true  path=eliminate  w=1
- dev.panproto.schema.expr -> dev.panproto.schema.theoryMorphism  apex=9v/8e  q=656  optimal=true  path=eliminate  w=1
- dev.panproto.schema.expr -> dev.panproto.vcs.commit  apex=8v/7e  q=425  optimal=true  path=eliminate  w=1
- dev.panproto.schema.expr -> dev.panproto.vcs.cstComplement  apex=9v/8e  q=579  optimal=true  path=eliminate  w=1
- dev.panproto.schema.expr -> dev.panproto.vcs.dataSet  apex=9v/8e  q=582  optimal=true  path=eliminate  w=1
- dev.panproto.schema.expr -> dev.panproto.vcs.editLog  apex=9v/8e  q=563  optimal=true  path=eliminate  w=1
- dev.panproto.schema.expr -> dev.panproto.vcs.fileSchema  apex=9v/8e  q=541  optimal=true  path=eliminate  w=1
- dev.panproto.schema.expr -> dev.panproto.vcs.flatSchema  apex=9v/8e  q=557  optimal=true  path=eliminate  w=1
- dev.panproto.schema.expr -> dev.panproto.vcs.refUpdate  apex=8v/7e  q=381  optimal=true  path=eliminate  w=1
- dev.panproto.schema.expr -> dev.panproto.vcs.repo  apex=8v/7e  q=404  optimal=true  path=eliminate  w=1
- dev.panproto.schema.expr -> dev.panproto.vcs.schemaTree  apex=9v/8e  q=581  optimal=true  path=eliminate  w=1
- dev.panproto.schema.expr -> dev.panproto.vcs.tag  apex=8v/7e  q=470  optimal=true  path=eliminate  w=1
- dev.panproto.schema.expr -> site.standard.document  apex=9v/8e  q=346  optimal=true  path=eliminate  w=1
- dev.panproto.schema.inductive -> dev.panproto.schema.instance  apex=11v/9e  q=508  optimal=true  path=eliminate  w=1
- dev.panproto.schema.inductive -> dev.panproto.schema.lens  apex=9v/6e  q=353  optimal=true  path=eliminate  w=1
- dev.panproto.schema.inductive -> dev.panproto.schema.lensAttestation  apex=7v/5e  q=230  optimal=true  path=eliminate  w=1
- dev.panproto.schema.inductive -> dev.panproto.schema.migration  apex=13v/12e  q=495  optimal=true  path=eliminate  w=1
- dev.panproto.schema.inductive -> dev.panproto.schema.protocol  apex=10v/7e  q=341  optimal=true  path=eliminate  w=1
- dev.panproto.schema.inductive -> dev.panproto.schema.protolens  apex=9v/6e  q=432  optimal=true  path=eliminate  w=1
- dev.panproto.schema.inductive -> dev.panproto.schema.protolensChain  apex=9v/7e  q=355  optimal=true  path=eliminate  w=1
- dev.panproto.schema.inductive -> dev.panproto.schema.schema  apex=11v/9e  q=398  optimal=true  path=eliminate  w=1
- dev.panproto.schema.inductive -> dev.panproto.schema.symmetricLens  apex=9v/6e  q=353  optimal=true  path=eliminate  w=1
- dev.panproto.schema.inductive -> dev.panproto.schema.symmetricState  apex=8v/6e  q=323  optimal=true  path=eliminate  w=1
- dev.panproto.schema.inductive -> dev.panproto.schema.theory  apex=12v/10e  q=458  optimal=true  path=eliminate  w=1
- dev.panproto.schema.inductive -> dev.panproto.schema.theoryMorphism  apex=8v/6e  q=369  optimal=true  path=eliminate  w=1
- dev.panproto.schema.inductive -> dev.panproto.vcs.commit  apex=11v/8e  q=348  optimal=true  path=eliminate  w=1
- dev.panproto.schema.inductive -> dev.panproto.vcs.cstComplement  apex=8v/6e  q=317  optimal=true  path=eliminate  w=1
- dev.panproto.schema.inductive -> dev.panproto.vcs.dataSet  apex=11v/9e  q=387  optimal=true  path=eliminate  w=1
- dev.panproto.schema.inductive -> dev.panproto.vcs.editLog  apex=11v/9e  q=380  optimal=true  path=eliminate  w=1
- dev.panproto.schema.inductive -> dev.panproto.vcs.fileSchema  apex=11v/9e  q=366  optimal=true  path=eliminate  w=1
- dev.panproto.schema.inductive -> dev.panproto.vcs.flatSchema  apex=11v/9e  q=371  optimal=true  path=eliminate  w=1
- dev.panproto.schema.inductive -> dev.panproto.vcs.refUpdate  apex=11v/8e  q=327  optimal=true  path=eliminate  w=1
- dev.panproto.schema.inductive -> dev.panproto.vcs.repo  apex=10v/8e  q=274  optimal=true  path=eliminate  w=1
- dev.panproto.schema.inductive -> dev.panproto.vcs.schemaTree  apex=10v/8e  q=389  optimal=true  path=eliminate  w=1
- dev.panproto.schema.inductive -> dev.panproto.vcs.tag  apex=7v/5e  q=256  optimal=true  path=eliminate  w=1
- dev.panproto.schema.inductive -> site.standard.document  apex=10v/8e  q=259  optimal=true  path=eliminate  w=1
- dev.panproto.schema.instance -> dev.panproto.schema.lens  apex=9v/8e  q=480  optimal=true  path=eliminate  w=1
- dev.panproto.schema.instance -> dev.panproto.schema.lensAttestation  apex=8v/7e  q=336  optimal=true  path=eliminate  w=1
- dev.panproto.schema.instance -> dev.panproto.schema.migration  apex=11v/10e  q=534  optimal=true  path=eliminate  w=1
- dev.panproto.schema.instance -> dev.panproto.schema.protocol  apex=8v/7e  q=370  optimal=true  path=eliminate  w=1
- dev.panproto.schema.instance -> dev.panproto.schema.protolens  apex=9v/8e  q=594  optimal=true  path=eliminate  w=1
- dev.panproto.schema.instance -> dev.panproto.schema.protolensChain  apex=9v/8e  q=480  optimal=true  path=eliminate  w=1
- dev.panproto.schema.instance -> dev.panproto.schema.schema  apex=11v/10e  q=549  optimal=true  path=eliminate  w=1
- dev.panproto.schema.instance -> dev.panproto.schema.symmetricLens  apex=9v/8e  q=473  optimal=true  path=eliminate  w=1
- dev.panproto.schema.instance -> dev.panproto.schema.symmetricState  apex=9v/8e  q=467  optimal=true  path=eliminate  w=1
- dev.panproto.schema.instance -> dev.panproto.schema.theory  apex=11v/10e  q=565  optimal=true  path=eliminate  w=1
- dev.panproto.schema.instance -> dev.panproto.schema.theoryMorphism  apex=9v/8e  q=523  optimal=true  path=eliminate  w=1
- dev.panproto.schema.instance -> dev.panproto.vcs.commit  apex=10v/9e  q=401  optimal=true  path=eliminate  w=1
- dev.panproto.schema.instance -> dev.panproto.vcs.cstComplement  apex=9v/8e  q=459  optimal=true  path=eliminate  w=1
- dev.panproto.schema.instance -> dev.panproto.vcs.dataSet  apex=11v/10e  q=530  optimal=true  path=eliminate  w=1
- dev.panproto.schema.instance -> dev.panproto.vcs.editLog  apex=11v/10e  q=519  optimal=true  path=eliminate  w=1
- dev.panproto.schema.instance -> dev.panproto.vcs.fileSchema  apex=11v/10e  q=503  optimal=true  path=eliminate  w=1
- dev.panproto.schema.instance -> dev.panproto.vcs.flatSchema  apex=11v/10e  q=513  optimal=true  path=eliminate  w=1
- dev.panproto.schema.instance -> dev.panproto.vcs.refUpdate  apex=10v/9e  q=379  optimal=true  path=eliminate  w=1
- dev.panproto.schema.instance -> dev.panproto.vcs.repo  apex=10v/9e  q=371  optimal=true  path=eliminate  w=1
- dev.panproto.schema.instance -> dev.panproto.vcs.schemaTree  apex=9v/8e  q=459  optimal=true  path=eliminate  w=1
- dev.panproto.schema.instance -> dev.panproto.vcs.tag  apex=8v/7e  q=438  optimal=true  path=eliminate  w=1
- dev.panproto.schema.instance -> site.standard.document  apex=9v/8e  q=283  optimal=true  path=eliminate  w=1
- dev.panproto.schema.lens -> dev.panproto.schema.lensAttestation  apex=7v/6e  q=368  optimal=true  path=eliminate  w=1
- dev.panproto.schema.lens -> dev.panproto.schema.migration  apex=9v/8e  q=701  optimal=true  path=eliminate  w=1
- dev.panproto.schema.lens -> dev.panproto.schema.protocol  apex=8v/7e  q=387  optimal=true  path=eliminate  w=1
- dev.panproto.schema.lens -> dev.panproto.schema.protolens  apex=9v/8e  q=590  optimal=true  path=eliminate  w=1
- dev.panproto.schema.lens -> dev.panproto.schema.protolensChain  apex=8v/7e  q=561  optimal=true  path=eliminate  w=1
- dev.panproto.schema.lens -> dev.panproto.schema.schema  apex=8v/7e  q=557  optimal=true  path=eliminate  w=1
- dev.panproto.schema.lens -> dev.panproto.schema.symmetricLens  apex=9v/8e  q=585  optimal=true  path=eliminate  w=1
- dev.panproto.schema.lens -> dev.panproto.schema.symmetricState  apex=8v/7e  q=518  optimal=true  path=eliminate  w=1
- dev.panproto.schema.lens -> dev.panproto.schema.theory  apex=8v/7e  q=514  optimal=true  path=eliminate  w=1
- dev.panproto.schema.lens -> dev.panproto.schema.theoryMorphism  apex=8v/7e  q=541  optimal=true  path=eliminate  w=1
- dev.panproto.schema.lens -> dev.panproto.vcs.commit  apex=7v/6e  q=384  optimal=true  path=eliminate  w=1
- dev.panproto.schema.lens -> dev.panproto.vcs.cstComplement  apex=8v/7e  q=544  optimal=true  path=eliminate  w=1
- dev.panproto.schema.lens -> dev.panproto.vcs.dataSet  apex=8v/7e  q=544  optimal=true  path=eliminate  w=1
- dev.panproto.schema.lens -> dev.panproto.vcs.editLog  apex=8v/7e  q=526  optimal=true  path=eliminate  w=1
- dev.panproto.schema.lens -> dev.panproto.vcs.fileSchema  apex=8v/7e  q=499  optimal=true  path=eliminate  w=1
- dev.panproto.schema.lens -> dev.panproto.vcs.flatSchema  apex=8v/7e  q=524  optimal=true  path=eliminate  w=1
- dev.panproto.schema.lens -> dev.panproto.vcs.refUpdate  apex=7v/6e  q=339  optimal=true  path=eliminate  w=1
- dev.panproto.schema.lens -> dev.panproto.vcs.repo  apex=7v/6e  q=364  optimal=true  path=eliminate  w=1
- dev.panproto.schema.lens -> dev.panproto.vcs.schemaTree  apex=8v/7e  q=550  optimal=true  path=eliminate  w=1
- dev.panproto.schema.lens -> dev.panproto.vcs.tag  apex=7v/6e  q=431  optimal=true  path=eliminate  w=1
- dev.panproto.schema.lens -> site.standard.document  apex=8v/7e  q=268  optimal=true  path=eliminate  w=1
- dev.panproto.schema.lensAttestation -> dev.panproto.schema.migration  apex=8v/7e  q=453  optimal=true  path=eliminate  w=1
- dev.panproto.schema.lensAttestation -> dev.panproto.schema.protocol  apex=8v/7e  q=431  optimal=true  path=eliminate  w=1
- dev.panproto.schema.lensAttestation -> dev.panproto.schema.protolens  apex=8v/7e  q=445  optimal=true  path=eliminate  w=1
- dev.panproto.schema.lensAttestation -> dev.panproto.schema.protolensChain  apex=8v/7e  q=457  optimal=true  path=eliminate  w=1
- dev.panproto.schema.lensAttestation -> dev.panproto.schema.schema  apex=8v/7e  q=452  optimal=true  path=eliminate  w=1
- dev.panproto.schema.lensAttestation -> dev.panproto.schema.symmetricLens  apex=8v/7e  q=450  optimal=true  path=eliminate  w=1
- dev.panproto.schema.lensAttestation -> dev.panproto.schema.symmetricState  apex=8v/7e  q=451  optimal=true  path=eliminate  w=1
- dev.panproto.schema.lensAttestation -> dev.panproto.schema.theory  apex=8v/7e  q=436  optimal=true  path=eliminate  w=1
- dev.panproto.schema.lensAttestation -> dev.panproto.schema.theoryMorphism  apex=8v/7e  q=456  optimal=true  path=eliminate  w=1
- dev.panproto.schema.lensAttestation -> dev.panproto.vcs.commit  apex=8v/7e  q=396  optimal=true  path=eliminate  w=1
- dev.panproto.schema.lensAttestation -> dev.panproto.vcs.cstComplement  apex=8v/7e  q=425  optimal=true  path=eliminate  w=1
- dev.panproto.schema.lensAttestation -> dev.panproto.vcs.dataSet  apex=8v/7e  q=423  optimal=true  path=eliminate  w=1
- dev.panproto.schema.lensAttestation -> dev.panproto.vcs.editLog  apex=8v/7e  q=428  optimal=true  path=eliminate  w=1
- dev.panproto.schema.lensAttestation -> dev.panproto.vcs.fileSchema  apex=8v/7e  q=423  optimal=true  path=eliminate  w=1
- dev.panproto.schema.lensAttestation -> dev.panproto.vcs.flatSchema  apex=8v/7e  q=422  optimal=true  path=eliminate  w=1
- dev.panproto.schema.lensAttestation -> dev.panproto.vcs.refUpdate  apex=8v/7e  q=415  optimal=true  path=eliminate  w=1
- dev.panproto.schema.lensAttestation -> dev.panproto.vcs.repo  apex=8v/7e  q=422  optimal=true  path=eliminate  w=1
- dev.panproto.schema.lensAttestation -> dev.panproto.vcs.schemaTree  apex=8v/7e  q=437  optimal=true  path=eliminate  w=1
- dev.panproto.schema.lensAttestation -> dev.panproto.vcs.tag  apex=8v/7e  q=428  optimal=true  path=eliminate  w=1
- dev.panproto.schema.lensAttestation -> site.standard.document  apex=8v/7e  q=293  optimal=true  path=eliminate  w=1
- dev.panproto.schema.migration -> dev.panproto.schema.protocol  apex=11v/8e  q=288  optimal=true  path=eliminate  w=1
- dev.panproto.schema.migration -> dev.panproto.schema.protolens  apex=10v/7e  q=315  optimal=true  path=eliminate  w=1
- dev.panproto.schema.migration -> dev.panproto.schema.protolensChain  apex=10v/7e  q=312  optimal=true  path=eliminate  w=1
- dev.panproto.schema.migration -> dev.panproto.schema.schema  apex=12v/10e  q=364  optimal=true  path=eliminate  w=1
- dev.panproto.schema.migration -> dev.panproto.schema.symmetricLens  apex=10v/7e  q=315  optimal=true  path=eliminate  w=1
- dev.panproto.schema.migration -> dev.panproto.schema.symmetricState  apex=9v/6e  q=290  optimal=true  path=eliminate  w=1
- dev.panproto.schema.migration -> dev.panproto.schema.theory  apex=13v/11e  q=367  optimal=true  path=eliminate  w=1
- dev.panproto.schema.migration -> dev.panproto.schema.theoryMorphism  apex=9v/6e  q=291  optimal=true  path=eliminate  w=1
- dev.panproto.schema.migration -> dev.panproto.vcs.commit  apex=13v/9e  q=334  optimal=true  path=eliminate  w=1
- dev.panproto.schema.migration -> dev.panproto.vcs.cstComplement  apex=9v/6e  q=279  optimal=true  path=eliminate  w=1
- dev.panproto.schema.migration -> dev.panproto.vcs.dataSet  apex=12v/10e  q=351  optimal=true  path=eliminate  w=1
- dev.panproto.schema.migration -> dev.panproto.vcs.editLog  apex=12v/10e  q=348  optimal=true  path=eliminate  w=1
- dev.panproto.schema.migration -> dev.panproto.vcs.fileSchema  apex=12v/10e  q=339  optimal=true  path=eliminate  w=1
- dev.panproto.schema.migration -> dev.panproto.vcs.flatSchema  apex=12v/10e  q=340  optimal=true  path=eliminate  w=1
- dev.panproto.schema.migration -> dev.panproto.vcs.refUpdate  apex=13v/9e  q=323  optimal=true  path=eliminate  w=1
- dev.panproto.schema.migration -> dev.panproto.vcs.repo  apex=11v/9e  q=262  optimal=true  path=eliminate  w=1
- dev.panproto.schema.migration -> dev.panproto.vcs.schemaTree  apex=11v/8e  q=340  optimal=true  path=eliminate  w=1
- dev.panproto.schema.migration -> dev.panproto.vcs.tag  apex=8v/5e  q=226  optimal=true  path=eliminate  w=1
- dev.panproto.schema.migration -> site.standard.document  apex=11v/8e  q=196  optimal=true  path=eliminate  w=1
- dev.panproto.schema.protocol -> dev.panproto.schema.protolens  apex=23v/15e  q=279  optimal=true  path=eliminate  w=2
- dev.panproto.schema.protocol -> dev.panproto.schema.protolensChain  apex=23v/20e  q=297  optimal=true  path=eliminate  w=2
- dev.panproto.schema.protocol -> dev.panproto.schema.schema  apex=15v/7e  q=166  optimal=true  path=eliminate  w=2
- dev.panproto.schema.protocol -> dev.panproto.schema.symmetricLens  apex=23v/15e  q=242  optimal=true  path=eliminate  w=2
- dev.panproto.schema.protocol -> dev.panproto.schema.symmetricState  apex=15v/7e  q=162  optimal=true  path=eliminate  w=2
- dev.panproto.schema.protocol -> dev.panproto.schema.theory  apex=23v/20e  q=305  optimal=true  path=eliminate  w=2
- dev.panproto.schema.protocol -> dev.panproto.schema.theoryMorphism  apex=15v/7e  q=177  optimal=true  path=eliminate  w=2
- dev.panproto.schema.protocol -> dev.panproto.vcs.commit  apex=23v/18e  q=289  optimal=true  path=eliminate  w=2
- dev.panproto.schema.protocol -> dev.panproto.vcs.cstComplement  apex=15v/7e  q=154  optimal=true  path=eliminate  w=2
- dev.panproto.schema.protocol -> dev.panproto.vcs.dataSet  apex=15v/7e  q=157  optimal=true  path=eliminate  w=2
- dev.panproto.schema.protocol -> dev.panproto.vcs.editLog  apex=15v/7e  q=159  optimal=true  path=eliminate  w=2
- dev.panproto.schema.protocol -> dev.panproto.vcs.fileSchema  apex=15v/7e  q=152  optimal=true  path=eliminate  w=2
- dev.panproto.schema.protocol -> dev.panproto.vcs.flatSchema  apex=15v/7e  q=155  optimal=true  path=eliminate  w=2
- dev.panproto.schema.protocol -> dev.panproto.vcs.refUpdate  apex=18v/11e  q=197  optimal=true  path=eliminate  w=2
- dev.panproto.schema.protocol -> dev.panproto.vcs.repo  apex=15v/7e  q=159  optimal=true  path=eliminate  w=2
- dev.panproto.schema.protocol -> dev.panproto.vcs.schemaTree  apex=18v/14e  q=202  optimal=true  path=eliminate  w=2
- dev.panproto.schema.protocol -> dev.panproto.vcs.tag  apex=15v/7e  q=157  optimal=true  path=eliminate  w=2
- dev.panproto.schema.protocol -> site.standard.document  apex=24v/18e  q=246  optimal=true  path=eliminate  w=2
- dev.panproto.schema.protolens -> dev.panproto.schema.protolensChain  apex=9v/8e  q=562  optimal=true  path=eliminate  w=1
- dev.panproto.schema.protolens -> dev.panproto.schema.schema  apex=9v/8e  q=524  optimal=true  path=eliminate  w=1
- dev.panproto.schema.protolens -> dev.panproto.schema.symmetricLens  apex=10v/9e  q=558  optimal=true  path=eliminate  w=1
- dev.panproto.schema.protolens -> dev.panproto.schema.symmetricState  apex=9v/8e  q=502  optimal=true  path=eliminate  w=1
- dev.panproto.schema.protolens -> dev.panproto.schema.theory  apex=9v/8e  q=540  optimal=true  path=eliminate  w=1
- dev.panproto.schema.protolens -> dev.panproto.schema.theoryMorphism  apex=9v/8e  q=588  optimal=true  path=eliminate  w=1
- dev.panproto.schema.protolens -> dev.panproto.vcs.commit  apex=8v/7e  q=376  optimal=true  path=eliminate  w=1
- dev.panproto.schema.protolens -> dev.panproto.vcs.cstComplement  apex=9v/8e  q=516  optimal=true  path=eliminate  w=1
- dev.panproto.schema.protolens -> dev.panproto.vcs.dataSet  apex=9v/8e  q=510  optimal=true  path=eliminate  w=1
- dev.panproto.schema.protolens -> dev.panproto.vcs.editLog  apex=9v/8e  q=497  optimal=true  path=eliminate  w=1
- dev.panproto.schema.protolens -> dev.panproto.vcs.fileSchema  apex=9v/8e  q=482  optimal=true  path=eliminate  w=1
- dev.panproto.schema.protolens -> dev.panproto.vcs.flatSchema  apex=9v/8e  q=497  optimal=true  path=eliminate  w=1
- dev.panproto.schema.protolens -> dev.panproto.vcs.refUpdate  apex=8v/7e  q=340  optimal=true  path=eliminate  w=1
- dev.panproto.schema.protolens -> dev.panproto.vcs.repo  apex=8v/7e  q=349  optimal=true  path=eliminate  w=1
- dev.panproto.schema.protolens -> dev.panproto.vcs.schemaTree  apex=9v/8e  q=508  optimal=true  path=eliminate  w=1
- dev.panproto.schema.protolens -> dev.panproto.vcs.tag  apex=8v/7e  q=407  optimal=true  path=eliminate  w=1
- dev.panproto.schema.protolens -> site.standard.document  apex=9v/8e  q=314  optimal=true  path=eliminate  w=1
- dev.panproto.schema.protolensChain -> dev.panproto.schema.schema  apex=5v/0e  q=267  optimal=true  path=eliminate  w=1
- dev.panproto.schema.protolensChain -> dev.panproto.schema.symmetricLens  apex=5v/0e  q=264  optimal=true  path=eliminate  w=1
- dev.panproto.schema.protolensChain -> dev.panproto.schema.symmetricState  apex=5v/0e  q=264  optimal=true  path=eliminate  w=1
- dev.panproto.schema.protolensChain -> dev.panproto.schema.theory  apex=7v/6e  q=623  optimal=true  path=eliminate  w=1
- dev.panproto.schema.protolensChain -> dev.panproto.schema.theoryMorphism  apex=5v/0e  q=263  optimal=true  path=eliminate  w=1
- dev.panproto.schema.protolensChain -> dev.panproto.vcs.commit  apex=6v/5e  q=467  optimal=true  path=eliminate  w=1
- dev.panproto.schema.protolensChain -> dev.panproto.vcs.cstComplement  apex=5v/0e  q=247  optimal=true  path=eliminate  w=1
- dev.panproto.schema.protolensChain -> dev.panproto.vcs.dataSet  apex=5v/0e  q=247  optimal=true  path=eliminate  w=1
- dev.panproto.schema.protolensChain -> dev.panproto.vcs.editLog  apex=5v/0e  q=243  optimal=true  path=eliminate  w=1
- dev.panproto.schema.protolensChain -> dev.panproto.vcs.fileSchema  apex=5v/0e  q=251  optimal=true  path=eliminate  w=1
- dev.panproto.schema.protolensChain -> dev.panproto.vcs.flatSchema  apex=5v/0e  q=247  optimal=true  path=eliminate  w=1
- dev.panproto.schema.protolensChain -> dev.panproto.vcs.refUpdate  apex=5v/4e  q=326  optimal=true  path=eliminate  w=1
- dev.panproto.schema.protolensChain -> dev.panproto.vcs.repo  apex=4v/0e  q=191  optimal=true  path=eliminate  w=1
- dev.panproto.schema.protolensChain -> dev.panproto.vcs.schemaTree  apex=6v/5e  q=582  optimal=true  path=eliminate  w=1
- dev.panproto.schema.protolensChain -> dev.panproto.vcs.tag  apex=4v/0e  q=197  optimal=true  path=eliminate  w=1
- dev.panproto.schema.protolensChain -> site.standard.document  apex=7v/6e  q=332  optimal=true  path=eliminate  w=1
- dev.panproto.schema.schema -> dev.panproto.schema.symmetricLens  apex=6v/5e  q=463  optimal=true  path=eliminate  w=1
- dev.panproto.schema.schema -> dev.panproto.schema.symmetricState  apex=6v/5e  q=451  optimal=true  path=eliminate  w=1
- dev.panproto.schema.schema -> dev.panproto.schema.theory  apex=9v/8e  q=568  optimal=true  path=eliminate  w=1
- dev.panproto.schema.schema -> dev.panproto.schema.theoryMorphism  apex=6v/5e  q=458  optimal=true  path=eliminate  w=1
- dev.panproto.schema.schema -> dev.panproto.vcs.commit  apex=8v/7e  q=476  optimal=true  path=eliminate  w=1
- dev.panproto.schema.schema -> dev.panproto.vcs.cstComplement  apex=6v/5e  q=464  optimal=true  path=eliminate  w=1
- dev.panproto.schema.schema -> dev.panproto.vcs.dataSet  apex=9v/8e  q=585  optimal=true  path=eliminate  w=1
- dev.panproto.schema.schema -> dev.panproto.vcs.editLog  apex=9v/8e  q=562  optimal=true  path=eliminate  w=1
- dev.panproto.schema.schema -> dev.panproto.vcs.fileSchema  apex=9v/8e  q=876  optimal=true  path=eliminate  w=1
- dev.panproto.schema.schema -> dev.panproto.vcs.flatSchema  apex=9v/8e  q=844  optimal=true  path=eliminate  w=1
- dev.panproto.schema.schema -> dev.panproto.vcs.refUpdate  apex=8v/7e  q=435  optimal=true  path=eliminate  w=1
- dev.panproto.schema.schema -> dev.panproto.vcs.repo  apex=8v/7e  q=471  optimal=true  path=eliminate  w=1
- dev.panproto.schema.schema -> dev.panproto.vcs.schemaTree  apex=6v/5e  q=466  optimal=true  path=eliminate  w=1
- dev.panproto.schema.schema -> dev.panproto.vcs.tag  apex=5v/4e  q=349  optimal=true  path=eliminate  w=1
- dev.panproto.schema.schema -> site.standard.document  apex=6v/5e  q=197  optimal=true  path=eliminate  w=1
- dev.panproto.schema.symmetricLens -> dev.panproto.schema.symmetricState  apex=8v/7e  q=562  optimal=true  path=eliminate  w=1
- dev.panproto.schema.symmetricLens -> dev.panproto.schema.theory  apex=8v/7e  q=493  optimal=true  path=eliminate  w=1
- dev.panproto.schema.symmetricLens -> dev.panproto.schema.theoryMorphism  apex=8v/7e  q=534  optimal=true  path=eliminate  w=1
- dev.panproto.schema.symmetricLens -> dev.panproto.vcs.commit  apex=7v/6e  q=378  optimal=true  path=eliminate  w=1
- dev.panproto.schema.symmetricLens -> dev.panproto.vcs.cstComplement  apex=8v/7e  q=532  optimal=true  path=eliminate  w=1
- dev.panproto.schema.symmetricLens -> dev.panproto.vcs.dataSet  apex=8v/7e  q=524  optimal=true  path=eliminate  w=1
- dev.panproto.schema.symmetricLens -> dev.panproto.vcs.editLog  apex=8v/7e  q=517  optimal=true  path=eliminate  w=1
- dev.panproto.schema.symmetricLens -> dev.panproto.vcs.fileSchema  apex=8v/7e  q=498  optimal=true  path=eliminate  w=1
- dev.panproto.schema.symmetricLens -> dev.panproto.vcs.flatSchema  apex=8v/7e  q=516  optimal=true  path=eliminate  w=1
- dev.panproto.schema.symmetricLens -> dev.panproto.vcs.refUpdate  apex=7v/6e  q=329  optimal=true  path=eliminate  w=1
- dev.panproto.schema.symmetricLens -> dev.panproto.vcs.repo  apex=7v/6e  q=343  optimal=true  path=eliminate  w=1
- dev.panproto.schema.symmetricLens -> dev.panproto.vcs.schemaTree  apex=8v/7e  q=525  optimal=true  path=eliminate  w=1
- dev.panproto.schema.symmetricLens -> dev.panproto.vcs.tag  apex=7v/6e  q=408  optimal=true  path=eliminate  w=1
- dev.panproto.schema.symmetricLens -> site.standard.document  apex=8v/7e  q=258  optimal=true  path=eliminate  w=1
- dev.panproto.schema.symmetricState -> dev.panproto.schema.theory  apex=10v/9e  q=516  optimal=true  path=eliminate  w=1
- dev.panproto.schema.symmetricState -> dev.panproto.schema.theoryMorphism  apex=10v/9e  q=545  optimal=true  path=eliminate  w=1
- dev.panproto.schema.symmetricState -> dev.panproto.vcs.commit  apex=9v/8e  q=414  optimal=true  path=eliminate  w=1
- dev.panproto.schema.symmetricState -> dev.panproto.vcs.cstComplement  apex=10v/9e  q=535  optimal=true  path=eliminate  w=1
- dev.panproto.schema.symmetricState -> dev.panproto.vcs.dataSet  apex=10v/9e  q=539  optimal=true  path=eliminate  w=1
- dev.panproto.schema.symmetricState -> dev.panproto.vcs.editLog  apex=10v/9e  q=529  optimal=true  path=eliminate  w=1
- dev.panproto.schema.symmetricState -> dev.panproto.vcs.fileSchema  apex=10v/9e  q=513  optimal=true  path=eliminate  w=1
- dev.panproto.schema.symmetricState -> dev.panproto.vcs.flatSchema  apex=10v/9e  q=524  optimal=true  path=eliminate  w=1
- dev.panproto.schema.symmetricState -> dev.panproto.vcs.refUpdate  apex=9v/8e  q=378  optimal=true  path=eliminate  w=1
- dev.panproto.schema.symmetricState -> dev.panproto.vcs.repo  apex=9v/8e  q=366  optimal=true  path=eliminate  w=1
- dev.panproto.schema.symmetricState -> dev.panproto.vcs.schemaTree  apex=10v/9e  q=533  optimal=true  path=eliminate  w=1
- dev.panproto.schema.symmetricState -> dev.panproto.vcs.tag  apex=9v/8e  q=435  optimal=true  path=eliminate  w=1
- dev.panproto.schema.symmetricState -> site.standard.document  apex=10v/9e  q=281  optimal=true  path=eliminate  w=1
- dev.panproto.schema.theory -> dev.panproto.schema.theoryMorphism  apex=7v/5e  q=310  optimal=true  path=eliminate  w=1
- dev.panproto.schema.theory -> dev.panproto.vcs.commit  apex=16v/15e  q=401  optimal=true  path=eliminate  w=1
- dev.panproto.schema.theory -> dev.panproto.vcs.cstComplement  apex=7v/5e  q=258  optimal=true  path=eliminate  w=1
- dev.panproto.schema.theory -> dev.panproto.vcs.dataSet  apex=16v/14e  q=451  optimal=true  path=eliminate  w=1
- dev.panproto.schema.theory -> dev.panproto.vcs.editLog  apex=16v/14e  q=449  optimal=true  path=eliminate  w=1
- dev.panproto.schema.theory -> dev.panproto.vcs.fileSchema  apex=16v/14e  q=437  optimal=true  path=eliminate  w=1
- dev.panproto.schema.theory -> dev.panproto.vcs.flatSchema  apex=16v/14e  q=445  optimal=true  path=eliminate  w=1
- dev.panproto.schema.theory -> dev.panproto.vcs.refUpdate  apex=15v/13e  q=348  optimal=true  path=eliminate  w=1
- dev.panproto.schema.theory -> dev.panproto.vcs.repo  apex=15v/13e  q=354  optimal=true  path=eliminate  w=1
- dev.panproto.schema.theory -> dev.panproto.vcs.schemaTree  apex=7v/6e  q=262  optimal=true  path=eliminate  w=1
- dev.panproto.schema.theory -> dev.panproto.vcs.tag  apex=6v/4e  q=204  optimal=true  path=eliminate  w=1
- dev.panproto.schema.theory -> site.standard.document  apex=8v/7e  q=160  optimal=true  path=eliminate  w=1
- dev.panproto.schema.theoryMorphism -> dev.panproto.vcs.commit  apex=7v/6e  q=418  optimal=true  path=eliminate  w=1
- dev.panproto.schema.theoryMorphism -> dev.panproto.vcs.cstComplement  apex=8v/7e  q=598  optimal=true  path=eliminate  w=1
- dev.panproto.schema.theoryMorphism -> dev.panproto.vcs.dataSet  apex=8v/7e  q=585  optimal=true  path=eliminate  w=1
- dev.panproto.schema.theoryMorphism -> dev.panproto.vcs.editLog  apex=8v/7e  q=570  optimal=true  path=eliminate  w=1
- dev.panproto.schema.theoryMorphism -> dev.panproto.vcs.fileSchema  apex=8v/7e  q=546  optimal=true  path=eliminate  w=1
- dev.panproto.schema.theoryMorphism -> dev.panproto.vcs.flatSchema  apex=8v/7e  q=565  optimal=true  path=eliminate  w=1
- dev.panproto.schema.theoryMorphism -> dev.panproto.vcs.refUpdate  apex=7v/6e  q=370  optimal=true  path=eliminate  w=1
- dev.panproto.schema.theoryMorphism -> dev.panproto.vcs.repo  apex=7v/6e  q=387  optimal=true  path=eliminate  w=1
- dev.panproto.schema.theoryMorphism -> dev.panproto.vcs.schemaTree  apex=8v/7e  q=584  optimal=true  path=eliminate  w=1
- dev.panproto.schema.theoryMorphism -> dev.panproto.vcs.tag  apex=7v/6e  q=463  optimal=true  path=eliminate  w=1
- dev.panproto.schema.theoryMorphism -> site.standard.document  apex=8v/7e  q=283  optimal=true  path=eliminate  w=1
- dev.panproto.vcs.commit -> dev.panproto.vcs.cstComplement  apex=22v/14e  q=299  optimal=true  path=eliminate  w=1
- dev.panproto.vcs.commit -> dev.panproto.vcs.dataSet  apex=23v/15e  q=306  optimal=true  path=eliminate  w=1
- dev.panproto.vcs.commit -> dev.panproto.vcs.editLog  apex=23v/15e  q=298  optimal=true  path=eliminate  w=1
- dev.panproto.vcs.commit -> dev.panproto.vcs.fileSchema  apex=23v/15e  q=304  optimal=true  path=eliminate  w=1
- dev.panproto.vcs.commit -> dev.panproto.vcs.flatSchema  apex=23v/15e  q=292  optimal=true  path=eliminate  w=1
- dev.panproto.vcs.commit -> dev.panproto.vcs.refUpdate  apex=27v/25e  q=384  optimal=true  path=eliminate  w=1
- dev.panproto.vcs.commit -> dev.panproto.vcs.repo  apex=23v/15e  q=277  optimal=true  path=eliminate  w=1
- dev.panproto.vcs.commit -> dev.panproto.vcs.schemaTree  apex=26v/25e  q=386  optimal=true  path=eliminate  w=1
- dev.panproto.vcs.commit -> dev.panproto.vcs.tag  apex=22v/14e  q=311  optimal=true  path=eliminate  w=1
- dev.panproto.vcs.commit -> site.standard.document  apex=31v/30e  q=348  optimal=true  path=eliminate  w=1
- dev.panproto.vcs.cstComplement -> dev.panproto.vcs.dataSet  apex=6v/5e  q=724  optimal=true  path=eliminate  w=1
- dev.panproto.vcs.cstComplement -> dev.panproto.vcs.editLog  apex=6v/5e  q=780  optimal=true  path=eliminate  w=1
- dev.panproto.vcs.cstComplement -> dev.panproto.vcs.fileSchema  apex=6v/5e  q=647  optimal=true  path=eliminate  w=1
- dev.panproto.vcs.cstComplement -> dev.panproto.vcs.flatSchema  apex=6v/5e  q=673  optimal=true  path=eliminate  w=1
- dev.panproto.vcs.cstComplement -> dev.panproto.vcs.refUpdate  apex=5v/4e  q=403  optimal=true  path=eliminate  w=1
- dev.panproto.vcs.cstComplement -> dev.panproto.vcs.repo  apex=5v/4e  q=427  optimal=true  path=eliminate  w=1
- dev.panproto.vcs.cstComplement -> dev.panproto.vcs.schemaTree  apex=6v/5e  q=698  optimal=true  path=eliminate  w=1
- dev.panproto.vcs.cstComplement -> dev.panproto.vcs.tag  apex=5v/4e  q=534  optimal=true  path=eliminate  w=1
- dev.panproto.vcs.cstComplement -> site.standard.document  apex=6v/5e  q=304  optimal=true  path=eliminate  w=1
- dev.panproto.vcs.dataSet -> dev.panproto.vcs.editLog  apex=7v/6e  q=751  optimal=true  path=eliminate  w=1
- dev.panproto.vcs.dataSet -> dev.panproto.vcs.fileSchema  apex=7v/6e  q=622  optimal=true  path=eliminate  w=1
- dev.panproto.vcs.dataSet -> dev.panproto.vcs.flatSchema  apex=7v/6e  q=652  optimal=true  path=eliminate  w=1
- dev.panproto.vcs.dataSet -> dev.panproto.vcs.refUpdate  apex=6v/5e  q=408  optimal=true  path=eliminate  w=1
- dev.panproto.vcs.dataSet -> dev.panproto.vcs.repo  apex=6v/5e  q=439  optimal=true  path=eliminate  w=1
- dev.panproto.vcs.dataSet -> dev.panproto.vcs.schemaTree  apex=5v/0e  q=279  optimal=true  path=eliminate  w=1
- dev.panproto.vcs.dataSet -> dev.panproto.vcs.tag  apex=4v/0e  q=229  optimal=true  path=eliminate  w=1
- dev.panproto.vcs.dataSet -> site.standard.document  apex=5v/0e  q=193  optimal=true  path=eliminate  w=1
- dev.panproto.vcs.editLog -> dev.panproto.vcs.fileSchema  apex=9v/8e  q=563  optimal=true  path=eliminate  w=1
- dev.panproto.vcs.editLog -> dev.panproto.vcs.flatSchema  apex=9v/8e  q=582  optimal=true  path=eliminate  w=1
- dev.panproto.vcs.editLog -> dev.panproto.vcs.refUpdate  apex=8v/7e  q=399  optimal=true  path=eliminate  w=1
- dev.panproto.vcs.editLog -> dev.panproto.vcs.repo  apex=8v/7e  q=421  optimal=true  path=eliminate  w=1
- dev.panproto.vcs.editLog -> dev.panproto.vcs.schemaTree  apex=7v/0e  q=291  optimal=true  path=eliminate  w=1
- dev.panproto.vcs.editLog -> dev.panproto.vcs.tag  apex=6v/0e  q=260  optimal=true  path=eliminate  w=1
- dev.panproto.vcs.editLog -> site.standard.document  apex=7v/0e  q=213  optimal=true  path=eliminate  w=1
- dev.panproto.vcs.fileSchema -> dev.panproto.vcs.flatSchema  apex=11v/10e  q=771  optimal=true  path=eliminate  w=1
- dev.panproto.vcs.fileSchema -> dev.panproto.vcs.refUpdate  apex=10v/9e  q=435  optimal=true  path=eliminate  w=1
- dev.panproto.vcs.fileSchema -> dev.panproto.vcs.repo  apex=10v/9e  q=453  optimal=true  path=eliminate  w=1
- dev.panproto.vcs.fileSchema -> dev.panproto.vcs.schemaTree  apex=7v/6e  q=410  optimal=true  path=eliminate  w=1
- dev.panproto.vcs.fileSchema -> dev.panproto.vcs.tag  apex=6v/5e  q=318  optimal=true  path=eliminate  w=1
- dev.panproto.vcs.fileSchema -> site.standard.document  apex=7v/6e  q=223  optimal=true  path=eliminate  w=1
- dev.panproto.vcs.flatSchema -> dev.panproto.vcs.refUpdate  apex=8v/7e  q=395  optimal=true  path=eliminate  w=1
- dev.panproto.vcs.flatSchema -> dev.panproto.vcs.repo  apex=8v/7e  q=411  optimal=true  path=eliminate  w=1
- dev.panproto.vcs.flatSchema -> dev.panproto.vcs.schemaTree  apex=6v/5e  q=466  optimal=true  path=eliminate  w=1
- dev.panproto.vcs.flatSchema -> dev.panproto.vcs.tag  apex=5v/4e  q=359  optimal=true  path=eliminate  w=1
- dev.panproto.vcs.flatSchema -> site.standard.document  apex=6v/5e  q=191  optimal=true  path=eliminate  w=1
- dev.panproto.vcs.refUpdate -> dev.panproto.vcs.repo  apex=16v/14e  q=387  optimal=true  path=eliminate  w=1
- dev.panproto.vcs.refUpdate -> dev.panproto.vcs.schemaTree  apex=17v/16e  q=374  optimal=true  path=eliminate  w=1
- dev.panproto.vcs.refUpdate -> dev.panproto.vcs.tag  apex=15v/13e  q=308  optimal=true  path=eliminate  w=1
- dev.panproto.vcs.refUpdate -> site.standard.document  apex=17v/16e  q=277  optimal=true  path=eliminate  w=1
- dev.panproto.vcs.repo -> dev.panproto.vcs.schemaTree  apex=6v/5e  q=421  optimal=true  path=eliminate  w=1
- dev.panproto.vcs.repo -> dev.panproto.vcs.tag  apex=6v/5e  q=451  optimal=true  path=eliminate  w=1
- dev.panproto.vcs.repo -> site.standard.document  apex=6v/5e  q=264  optimal=true  path=eliminate  w=1
- dev.panproto.vcs.schemaTree -> dev.panproto.vcs.tag  apex=10v/8e  q=362  optimal=true  path=eliminate  w=1
- dev.panproto.vcs.schemaTree -> site.standard.document  apex=13v/12e  q=314  optimal=true  path=eliminate  w=1
- dev.panproto.vcs.tag -> site.standard.document  apex=7v/6e  q=302  optimal=true  path=eliminate  w=1
