{"synthetic": false,
 "schemaVersion": "2025-09-10",
 "outputs":
 {"o": ["c8e0e361c0db23a8.olean"],
  "i": "8af338443606d761.ilean",
  "c": "e8711f1e84e6a5fb.c"},
 "log":
 [{"message":
   ".> LEAN_PATH=/Users/awhite48/Projects/phrom/lean/.lake/build/lib/lean /Users/awhite48/.elan/toolchains/leanprover--lean4---v4.29.0-rc8/bin/lean /Users/awhite48/Projects/phrom/lean/Panproto/Expr/Error.lean -o /Users/awhite48/Projects/phrom/lean/.lake/build/lib/lean/Panproto/Expr/Error.olean -i /Users/awhite48/Projects/phrom/lean/.lake/build/lib/lean/Panproto/Expr/Error.ilean -c /Users/awhite48/Projects/phrom/lean/.lake/build/ir/Panproto/Expr/Error.c --setup /Users/awhite48/Projects/phrom/lean/.lake/build/ir/Panproto/Expr/Error.setup.json --json",
   "level": "trace"}],
 "inputs":
 [["Panproto.Expr.Error:deps",
   [["deps",
     [["panproto/Panproto:extraDep",
       [["@panproto:extraDep", "00000000000006bb"]]],
      ["imports", "00000000000006bb"]]],
    ["libs",
     [["import dynlibs", "00000000000006bb"],
      ["package external libraries", "00000000000006bb"],
      ["module dynlibs", "00000000000006bb"],
      ["module plugins", "00000000000006bb"]]]]],
  ["Lean 4.29.0, commit 513160ea59dfd60defec325636bbc5215a8a6e7e",
   "76ce528f9bbd32d8"],
  ["/Users/awhite48/Projects/phrom/lean/Panproto/Expr/Error.lean",
   "d82bdac340364094"],
  ["options", [["-DautoImplicit=false", "4a85acb881fd49d0"]]],
  ["isModule: false", "feefd2a0d3a1847e"],
  ["Module.name: Panproto.Expr.Error", "ff56a586bbb4eca5"],
  ["Package.id?: (some panproto)", "abec6fdb06957512"],
  ["Module.leanArgs: #[]", "00000000000006bb"]],
 "depHash": "adcc3dc2b8937b16"}