---
source: crates/panproto-lens/tests/autolens_corpus.rs
expression: selection_rows()
---
- "add_only_extra_field  Balanced  apex=2v/1e  q=800  lens=800  optimal=true  path=eliminate  [post->post, post.text->post.text]"
- "add_only_extra_field  Exploratory  apex=2v/1e  q=800  lens=800  optimal=true  path=eliminate  [post->post, post.text->post.text]"
- "add_only_extra_field  Lenient  apex=2v/1e  q=800  lens=800  optimal=true  path=eliminate  [post->post, post.text->post.text]"
- "add_only_extra_field  Strict  apex=2v/1e  q=800  lens=800  optimal=true  path=eliminate  [post->post, post.text->post.text]"
- "casing_created_at  Balanced  apex=2v/1e  q=433  lens=433  optimal=true  path=eliminate  [post->post, post.createdAt->post.created_at]"
- "casing_created_at  Exploratory  apex=2v/1e  q=433  lens=433  optimal=true  path=eliminate  [post->post, post.createdAt->post.created_at]"
- "casing_created_at  Lenient  apex=2v/1e  q=433  lens=433  optimal=true  path=eliminate  [post->post, post.createdAt->post.created_at]"
- "casing_created_at  Strict  apex=2v/1e  q=433  lens=433  optimal=true  path=eliminate  [post->post, post.createdAt->post.created_at]"
- "cross_namespace_entry_note  Balanced  apex=3v/2e  q=263  lens=263  optimal=true  path=eliminate  [entry->note, entry.content->note.createdAt, entry.timestamp->note.body]"
- "cross_namespace_entry_note  Exploratory  apex=3v/2e  q=263  lens=253  optimal=true  path=eliminate  [entry->note, entry.content->note.createdAt, entry.timestamp->note.body]"
- "cross_namespace_entry_note  Lenient  apex=3v/2e  q=263  lens=263  optimal=true  path=eliminate  [entry->note, entry.content->note.createdAt, entry.timestamp->note.body]"
- "cross_namespace_entry_note  Strict  apex=3v/2e  q=263  lens=263  optimal=true  path=eliminate  [entry->note, entry.content->note.createdAt, entry.timestamp->note.body]"
- "drop_only_extra_field  Balanced  apex=3v/2e  q=667  lens=667  optimal=true  path=eliminate  [post->post, post.extra->post.text, post.text->post.text]"
- "drop_only_extra_field  Exploratory  apex=3v/2e  q=667  lens=667  optimal=true  path=eliminate  [post->post, post.extra->post.text, post.text->post.text]"
- "drop_only_extra_field  Lenient  apex=3v/2e  q=667  lens=667  optimal=true  path=eliminate  [post->post, post.extra->post.text, post.text->post.text]"
- "drop_only_extra_field  Strict  apex=3v/2e  q=667  lens=667  optimal=true  path=eliminate  [post->post, post.extra->post.text, post.text->post.text]"
- "id_to_uuid  Balanced  apex=2v/1e  q=419  lens=419  optimal=true  path=eliminate  [row->row, row.id->row.uuid]"
- "id_to_uuid  Exploratory  apex=2v/1e  q=419  lens=419  optimal=true  path=eliminate  [row->row, row.id->row.uuid]"
- "id_to_uuid  Lenient  apex=2v/1e  q=419  lens=419  optimal=true  path=eliminate  [row->row, row.id->row.uuid]"
- "id_to_uuid  Strict  apex=2v/1e  q=419  lens=419  optimal=true  path=eliminate  [row->row, row.id->row.uuid]"
- "identical_generic_record  Balanced  apex=3v/2e  q=1000  lens=1000  optimal=true  path=eliminate  [post->post, post.createdAt->post.createdAt, post.text->post.text]"
- "identical_generic_record  Exploratory  apex=3v/2e  q=1000  lens=1000  optimal=true  path=eliminate  [post->post, post.createdAt->post.createdAt, post.text->post.text]"
- "identical_generic_record  Lenient  apex=3v/2e  q=1000  lens=1000  optimal=true  path=eliminate  [post->post, post.createdAt->post.createdAt, post.text->post.text]"
- "identical_generic_record  Strict  apex=3v/2e  q=1000  lens=1000  optimal=true  path=eliminate  [post->post, post.createdAt->post.createdAt, post.text->post.text]"
- "nested_vs_flat_reply  Balanced  apex=3v/0e  q=297  lens=none  optimal=true  path=eliminate  [reply->reply, reply.parent.cid->reply.parentCid, reply.parent.uri->reply.parentUri]"
- "nested_vs_flat_reply  Exploratory  apex=3v/0e  q=297  lens=297  optimal=true  path=eliminate  [reply->reply, reply.parent.cid->reply.parentCid, reply.parent.uri->reply.parentUri]"
- "nested_vs_flat_reply  Lenient  apex=3v/0e  q=297  lens=297  optimal=true  path=eliminate  [reply->reply, reply.parent.cid->reply.parentCid, reply.parent.uri->reply.parentUri]"
- "nested_vs_flat_reply  Strict  apex=3v/0e  q=297  lens=none  optimal=true  path=eliminate  [reply->reply, reply.parent.cid->reply.parentCid, reply.parent.uri->reply.parentUri]"
- "pure_rename_text_body  Balanced  apex=2v/1e  q=394  lens=394  optimal=true  path=eliminate  [post->post, post.text->post.body]"
- "pure_rename_text_body  Exploratory  apex=2v/1e  q=394  lens=394  optimal=true  path=eliminate  [post->post, post.text->post.body]"
- "pure_rename_text_body  Lenient  apex=2v/1e  q=394  lens=394  optimal=true  path=eliminate  [post->post, post.text->post.body]"
- "pure_rename_text_body  Strict  apex=2v/1e  q=394  lens=394  optimal=true  path=eliminate  [post->post, post.text->post.body]"
- "sql_user_id_to_customer_id  Balanced  apex=3v/2e  q=656  lens=656  optimal=true  path=eliminate  [orders->orders, orders.id->orders.id, orders.user_id->orders.customer_id]"
- "sql_user_id_to_customer_id  Exploratory  apex=3v/2e  q=656  lens=656  optimal=true  path=eliminate  [orders->orders, orders.id->orders.id, orders.user_id->orders.customer_id]"
- "sql_user_id_to_customer_id  Lenient  apex=3v/2e  q=656  lens=656  optimal=true  path=eliminate  [orders->orders, orders.id->orders.id, orders.user_id->orders.customer_id]"
- "sql_user_id_to_customer_id  Strict  apex=3v/2e  q=656  lens=656  optimal=true  path=eliminate  [orders->orders, orders.id->orders.id, orders.user_id->orders.customer_id]"
- "temporal_rename_created_sent  Balanced  apex=3v/2e  q=260  lens=260  optimal=true  path=eliminate  [post->message, post.createdAt->message.sentAt, post.text->message.sentAt]"
- "temporal_rename_created_sent  Exploratory  apex=3v/2e  q=260  lens=254  optimal=true  path=eliminate  [post->message, post.createdAt->message.sentAt, post.text->message.sentAt]"
- "temporal_rename_created_sent  Lenient  apex=3v/2e  q=260  lens=260  optimal=true  path=eliminate  [post->message, post.createdAt->message.sentAt, post.text->message.sentAt]"
- "temporal_rename_created_sent  Strict  apex=3v/2e  q=260  lens=260  optimal=true  path=eliminate  [post->message, post.createdAt->message.sentAt, post.text->message.sentAt]"
